2026-07-28 19:36:23,386 INFO [backend.app.services.notification_service] [-] Notification digest scheduler stopped
2026-07-28 19:36:23,387 INFO [backend.app.services.github_backup] [-] Stopped GitHub backup scheduler
2026-07-28 19:36:23,387 INFO [backend.app.services.local_backup] [-] Stopped local backup scheduler
2026-07-28 19:36:23,388 INFO [backend.app.services.library_trash] [-] Stopped library trash sweeper
2026-07-28 19:36:23,388 INFO [backend.app.services.archive_purge] [-] Stopped archive auto-purge sweeper
2026-07-28 19:36:23,389 INFO [backend.app.services.obico_detection] [-] Stopped Obico detection service
2026-07-28 19:36:23,389 INFO [backend.app.main] [-] AMS history recording stopped
2026-07-28 19:36:23,389 INFO [backend.app.main] [-] Printer sensor history recording stopped
2026-07-28 19:36:23,389 INFO [backend.app.main] [-] Printer runtime tracking stopped
2026-07-28 19:36:23,389 INFO [backend.app.main] [-] SpoolBuddy watchdog stopped
2026-07-28 19:36:23,390 INFO [backend.app.main] [-] Camera stream cleanup stopped
2026-07-28 19:36:23,390 INFO [backend.app.services.loop_watchdog] [-] Event-loop stall watchdog stopped
2026-07-28 19:36:23,392 INFO [backend.app.main] [-] Expected prints cleanup stopped
2026-07-28 19:36:23,392 INFO [backend.app.main] [-] Auth periodic cleanup stopped
2026-07-28 19:36:23,492 INFO [backend.app.services.virtual_printer.manager] [-] Stopping all virtual printer services...
2026-07-28 19:36:23,495 INFO [backend.app.services.virtual_printer.manager] [-] All virtual printer services stopped
2026-07-28 19:36:23,503 INFO [backend.app.services.mqtt_smart_plug] [-] MQTT smart plug service disconnected cleanly
2026-07-28 19:36:23,507 INFO [backend.app.services.mqtt_relay] [-] MQTT relay disconnected cleanly
2026-07-28 19:36:23,536 INFO [root] [-] WAL checkpoint completed
2026-07-28 19:37:00,890 INFO [root] [-] Logging to file: /app/logs/bambuddy.log
2026-07-28 19:37:00,891 INFO [root] [-] Bambuddy starting - debug=False, log_level=INFO
2026-07-28 19:37:03,060 INFO [backend.app.services.printer_manager] [-] Loaded 1 printer(s) awaiting plate-clear acknowledgment: [2]
2026-07-28 19:37:03,083 INFO [backend.app.services.mqtt_relay] [-] MQTT relay connected successfully
2026-07-28 19:37:04,066 INFO [backend.app.services.mqtt_relay] [-] MQTT relay connected to [IP]:1883
2026-07-28 19:37:04,069 INFO [backend.app.services.mqtt_smart_plug] [-] MQTT smart plug service connected successfully
2026-07-28 19:37:05,068 INFO [backend.app.services.mqtt_smart_plug] [-] MQTT smart plug service connected to [IP]:1883
2026-07-28 19:37:06,163 INFO [root] [-] Auto-connected to Spoolman at http://[IP]:8000
2026-07-28 19:37:06,372 INFO [backend.app.services.spoolman] [-] Created Spoolman extra field 'tag'
2026-07-28 19:37:06,387 INFO [backend.app.services.spoolman] [-] Created Spoolman extra field 'bambu_slicer_filament'
2026-07-28 19:37:06,402 INFO [backend.app.services.spoolman] [-] Created Spoolman extra field 'bambu_slicer_filament_name'
2026-07-28 19:37:06,403 INFO [backend.app.services.smart_plug_manager] [-] Smart plug scheduler started
2026-07-28 19:37:06,403 INFO [backend.app.services.smart_plug_manager] [-] Smart plug energy snapshot loop started
2026-07-28 19:37:06,404 INFO [backend.app.services.print_scheduler] [-] Print scheduler started
2026-07-28 19:37:06,407 INFO [backend.app.services.notification_service] [-] Notification digest scheduler started
2026-07-28 19:37:06,407 INFO [backend.app.services.github_backup] [-] Starting GitHub backup scheduler
2026-07-28 19:37:06,407 INFO [backend.app.services.local_backup] [-] Starting local backup scheduler
2026-07-28 19:37:06,409 INFO [backend.app.services.obico_detection] [-] Starting Obico detection service
2026-07-28 19:37:06,410 INFO [backend.app.services.library_trash] [-] Starting library trash sweeper
2026-07-28 19:37:06,410 INFO [backend.app.services.archive_purge] [-] Starting archive auto-purge sweeper
2026-07-28 19:37:06,410 INFO [backend.app.main] [-] AMS history recording started
2026-07-28 19:37:06,410 INFO [backend.app.main] [-] Printer sensor history recording started
2026-07-28 19:37:06,410 INFO [backend.app.main] [-] Printer runtime tracking started
2026-07-28 19:37:06,410 INFO [backend.app.main] [-] SpoolBuddy watchdog started
2026-07-28 19:37:06,410 INFO [backend.app.main] [-] Camera stream cleanup started
2026-07-28 19:37:06,410 INFO [backend.app.main] [-] Expected prints cleanup started
2026-07-28 19:37:06,410 INFO [backend.app.main] [-] Auth periodic cleanup started
2026-07-28 19:37:06,410 INFO [backend.app.services.loop_watchdog] [-] Event-loop stall watchdog started — dumps all thread stacks to stderr if the loop stalls for more than 30s
2026-07-28 19:37:06,415 INFO [root] [-] Virtual printer manager synced from database
2026-07-28 19:37:36,585 INFO [backend.app.services.smart_plug_manager] [-] Captured 1 energy snapshot(s)
2026-07-28 20:00:00,161 INFO [backend.app.services.smart_plug_manager] [-] Captured 1 energy snapshot(s)
2026-07-28 20:34:39,279 INFO [uvicorn.access] [-] [IP]:47670 - "POST /api/v1/auth/login HTTP/1.1" 200
2026-07-28 20:34:41,213 INFO [uvicorn.access] [-] [IP]:54578 - "POST /api/v1/auth/2fa/verify HTTP/1.1" 200
2026-07-28 20:34:41,307 INFO [uvicorn.access] [-] [IP]:54582 - "POST /api/v1/printers/camera/stream-token HTTP/1.1" 200
2026-07-28 20:34:41,571 INFO [uvicorn.access] [-] [IP]:54752 - "POST /api/v1/auth/ws-token HTTP/1.1" 200
2026-07-28 20:34:41,626 INFO [backend.app.api.routes.websocket] [-] WebSocket client connecting (principal=[USER])
2026-07-28 20:34:41,629 INFO [backend.app.api.routes.websocket] [-] WebSocket client connected
2026-07-28 20:34:41,630 INFO [backend.app.api.routes.websocket] [-] Sent initial status for 1 printers
2026-07-28 20:34:45,157 INFO [backend.app.services.firmware_check] [79e143b0] Got Bambu Lab build ID: erp_ySz0YZBljShqioQBM
2026-07-28 20:36:55,160 INFO [backend.app.services.bambu_mqtt] [-] [[SERIAL]] Request topic subscription accepted. ams_mapping capture enabled for slicer-initiated prints.
2026-07-28 20:36:55,444 INFO [backend.app.services.bambu_mqtt] [-] [[SERIAL]] Firmware version: 01.01.01.00
2026-07-28 20:36:55,880 INFO [backend.app.services.bambu_mqtt] [-] [[SERIAL]] AMS Filament Backup: ON
2026-07-28 20:36:55,880 INFO [backend.app.services.bambu_mqtt] [-] [[SERIAL]] Detected dual-nozzle printer from device.extruder.info
2026-07-28 20:36:55,881 WARNING [backend.app.services.bambu_mqtt] [-] [[SERIAL]] H2D tray_now: no AMS on extruder 0, using slot 1
2026-07-28 20:36:55,881 INFO [backend.app.services.bambu_mqtt] [-] [[SERIAL]] Device identification: no known id fields; device.keys=['airduct', 'bed', 'bed_temp', 'cam', 'ctc', 'ext_tool', 'extruder', 'fan', 'fila_switch', 'fourth_axis', 'holder', 'laser', 'nozzle', 'plate', 'screen', 'type']
2026-07-28 20:36:55,890 INFO [backend.app.main] [-] [Printer 2] Broadcasting AMS change via WebSocket
2026-07-28 20:36:55,893 INFO [backend.app.main] [-] [Printer 2] Broadcasting AMS change via WebSocket
2026-07-28 20:36:55,911 INFO [backend.app.main] [-] [SNAPSHOT] Capturing fresh frame for printer 2
2026-07-28 20:36:55,913 INFO [backend.app.services.camera] [-] Found ffmpeg at: /usr/bin/ffmpeg
2026-07-28 20:36:55,914 INFO [backend.app.services.camera] [-] Capturing camera frame bytes from [IP] using RTSP (model: [PRINTER])
2026-07-28 20:36:55,941 INFO [backend.app.services.spoolman] [-] [PRINTER] AMS 0 tray 2 — skipping (no RFID tag and no slot-assignment hint)
2026-07-28 20:36:55,947 INFO [backend.app.services.spoolman] [-] [PRINTER] AMS 0 tray 2 — skipping (no RFID tag and no slot-assignment hint)
2026-07-28 20:36:59,346 INFO [backend.app.main] [-] [Printer 2] Broadcasting AMS change via WebSocket
2026-07-28 20:36:59,366 INFO [backend.app.services.spoolman] [-] Updating existing spool 41 for tag 30755A3BC97B432E...
2026-07-28 20:36:59,435 INFO [backend.app.services.spoolman] [-] [PRINTER] AMS 0 tray 2 — skipping (no RFID tag and no slot-assignment hint)
2026-07-28 20:36:59,435 INFO [backend.app.main] [-] Auto-synced 1 AMS trays to Spoolman for printer 2
2026-07-28 20:37:01,664 INFO [backend.app.services.camera] [-] Successfully captured camera frame bytes: 274539 bytes
2026-07-28 20:37:01,664 INFO [backend.app.main] [-] [SNAPSHOT] Fresh camera frame: 274539 bytes
2026-07-28 20:37:15,263 INFO [backend.app.main] [-] [Printer 2] Broadcasting AMS change via WebSocket
2026-07-28 20:37:15,287 INFO [backend.app.services.spoolman] [-] Updating existing spool 41 for tag 30755A3BC97B432E...
2026-07-28 20:37:15,310 INFO [backend.app.services.spoolman] [-] [PRINTER] AMS 0 tray 2 — skipping (no RFID tag and no slot-assignment hint)
2026-07-28 20:37:15,310 INFO [backend.app.main] [-] Auto-synced 1 AMS trays to Spoolman for printer 2
2026-07-28 20:37:16,477 INFO [backend.app.main] [-] Recorded 1 AMS sensor history entries
2026-07-28 20:42:16,483 INFO [backend.app.main] [-] Recorded 1 AMS sensor history entries
2026-07-28 20:47:16,490 INFO [backend.app.main] [-] Recorded 1 AMS sensor history entries
2026-07-28 20:47:21,415 INFO [backend.app.api.routes.cloud] [50fe2a33] get_filament_info called with 2 IDs: ['GFG00', 'GFG99']
2026-07-28 20:47:21,895 INFO [uvicorn.access] [-] [IP]:55142 - "POST /api/v1/cloud/filament-info HTTP/1.1" 200
2026-07-28 20:47:24,472 INFO [backend.app.services.bambu_cloud] [a6266bb2] Bambu Cloud returned 401 without the expiry signature — treating as transient, not signing the stored token out
2026-07-28 20:52:16,495 INFO [backend.app.main] [-] Recorded 1 AMS sensor history entries
2026-07-28 20:57:16,499 INFO [backend.app.main] [-] Recorded 1 AMS sensor history entries
2026-07-28 20:58:23,744 INFO [backend.app.services.bambu_cloud] [65e89781] Bambu Cloud returned 401 without the expiry signature — treating as transient, not signing the stored token out
2026-07-28 20:58:25,231 INFO [backend.app.services.bambu_cloud] [c03a0508] Bambu Cloud returned 401 without the expiry signature — treating as transient, not signing the stored token out
2026-07-28 20:58:27,195 INFO [backend.app.api.routes.cloud] [100426ad] get_filament_info called with 2 IDs: ['GFG00', 'GFG99']
2026-07-28 20:58:27,715 INFO [uvicorn.access] [-] [IP]:56436 - "POST /api/v1/cloud/filament-info HTTP/1.1" 200
2026-07-28 21:00:00,157 INFO [backend.app.services.smart_plug_manager] [-] Captured 1 energy snapshot(s)
2026-07-28 21:02:03,549 INFO [backend.app.api.routes.support] [f9399541] Log level changed to DEBUG
2026-07-28 21:02:03,550 INFO [backend.app.api.routes.bug_report] [f9399541] Bug report: enabled debug logging
2026-07-28 21:02:03,550 DEBUG [backend.app.services.bambu_mqtt] [f9399541] [[SERIAL]] Requesting status update (pushall)
2026-07-28 21:02:03,550 INFO [uvicorn.access] [-] [IP]:43190 - "POST /api/v1/bug-report/start-logging HTTP/1.1" 200
2026-07-28 21:02:03,753 DEBUG [backend.app.services.bambu_mqtt] [-] [[SERIAL]] Found xcam inside print data: {'allow_skip_parts': False, 'buildplate_marker_detector': True, 'cfg': 8089015, 'first_layer_inspector': True, 'halt_print_sensitivity': 'medium', 'print_halt': True, 'printing_monitor': True, 'spaghetti_detector': True}
2026-07-28 21:02:03,753 DEBUG [backend.app.services.bambu_mqtt] [-] [[SERIAL]] Parsing xcam data - all fields: ['allow_skip_parts', 'buildplate_marker_detector', 'cfg', 'first_layer_inspector', 'halt_print_sensitivity', 'print_halt', 'printing_monitor', 'spaghetti_detector']
2026-07-28 21:02:03,753 DEBUG [backend.app.services.bambu_mqtt] [-] [[SERIAL]] xcam cfg bitmask: 8089015 (binary: 0b11110110110110110110111)
2026-07-28 21:02:03,753 DEBUG [backend.app.services.bambu_mqtt] [-] [[SERIAL]] Received gcode_state: IDLE, gcode_file: , subtask_name: 
2026-07-28 21:02:03,753 DEBUG [backend.app.services.bambu_mqtt] [-] [[SERIAL]] AMS dict fields: {'ams_exist_bits': '1', 'ams_exist_bits_raw': '1', 'cali_id': 255, 'cali_stat': 0, 'cfs': [], 'insert_flag': True, 'power_on_flag': True, 'tray_exist_bits': '6', 'tray_hall_out_bits': '0', 'tray_is_bbl_bits': '6', 'tray_now': '255', 'tray_pre': '255', 'tray_read_done_bits': '6', 'tray_reading_bits': '0', 'tray_tar': '255', 'unbind_ams_stat': 0, 'version': 57}
2026-07-28 21:02:03,754 DEBUG [backend.app.services.bambu_mqtt] [-] [[SERIAL]] tray_now updated: 255
2026-07-28 21:02:03,754 DEBUG [backend.app.services.bambu_mqtt] [-] [[SERIAL]] Merged AMS data: 1 new units, 1 total
2026-07-28 21:02:03,754 DEBUG [backend.app.services.bambu_mqtt] [-] [[SERIAL]] AMS 0 info=0x11001103 -> extruder 1
2026-07-28 21:02:03,754 DEBUG [backend.app.services.bambu_mqtt] [-] [[SERIAL]] ams_extruder_map: {'0': 1}
2026-07-28 21:02:03,754 DEBUG [backend.app.services.bambu_mqtt] [-] [[SERIAL]] ams_status: 0 (main=0, sub=0)
2026-07-28 21:02:03,754 DEBUG [backend.app.services.bambu_mqtt] [-] [[SERIAL]] Received command response: push_status
2026-07-28 21:02:03,754 DEBUG [backend.app.services.bambu_mqtt] [-] [[SERIAL]] device.extruder.state=274 (switch_state bits 12-14: 0)
2026-07-28 21:02:03,754 DEBUG [backend.app.services.bambu_mqtt] [-] [[SERIAL]] info.temp direct: 26°C (heater OFF)
2026-07-28 21:02:03,754 DEBUG [backend.app.services.bambu_mqtt] [-] [[SERIAL]] ctc_info keys: ['temp']
2026-07-28 21:02:03,754 DEBUG [backend.app.services.bambu_mqtt] [-] [[SERIAL]] Chamber heating calculated: target=0.0, current=26.0, heating=False, respect_local=False
2026-07-28 21:02:03,754 DEBUG [backend.app.services.bambu_mqtt] [-] [[SERIAL]] Chamber temp updated to: 26.0, target: 0.0, heating: False
2026-07-28 21:02:03,754 DEBUG [backend.app.services.bambu_mqtt] [-] [[SERIAL]] HMS data received: [{'attr': 83887616, 'code': 131184, 'ts_boot': 27709, 'ts_unix': '20260607190638'}, {'attr': 83887360, 'code': 65543, 'ts_boot': 33667, 'ts_unix': '20260607190644'}]
2026-07-28 21:02:03,755 DEBUG [backend.app.services.bambu_mqtt] [-] [[SERIAL]] ipcam field: {'agora_service': 'disable', 'brtc_service': 'enable', 'bs_state': 0, 'cap_pic_enable': 'enable', 'ipcam_dev': '1', 'ipcam_record': 'disable', 'laser_preview_res': 7, 'liveview_preview': True, 'mode_bits': 2, 'resolution': '1080p', 'rtsp_url': 'rtsps://[IP]:322/streaming/live/1', 'timelapse': 'disable', 'tl_external_free_kb': 21959488, 'tl_external_total_kb': 30040448, 'tl_internal_free_kb': 949887, 'tl_internal_total_kb': 962560, 'tl_store_hpd_type': 2, 'tl_store_path_type': 2, 'tutk_server': 'disable'}
2026-07-28 21:02:03,755 DEBUG [backend.app.services.bambu_mqtt] [-] [[SERIAL]] wifi_signal received: -50dBm
2026-07-28 21:02:03,755 DEBUG [backend.app.services.bambu_mqtt] [-] [[SERIAL]] lights_report: [{'mode': 'on', 'node': 'chamber_light'}, {'mode': 'flashing', 'node': 'work_light'}]
2026-07-28 21:02:03,755 DEBUG [backend.app.services.bambu_mqtt] [-] [[SERIAL]] MQTT mapping field: []
2026-07-28 21:02:03,755 DEBUG [backend.app.services.bambu_mqtt] [-] [[SERIAL]] gcode_state: IDLE -> IDLE, file: , subtask: 
2026-07-28 21:02:05,014 DEBUG [backend.app.services.bambu_mqtt] [-] [[SERIAL]] Found xcam inside print data: {'allow_skip_parts': False, 'buildplate_marker_detector': True, 'cfg': 8089015, 'first_layer_inspector': True, 'halt_print_sensitivity': 'medium', 'print_halt': True, 'printing_monitor': True, 'spaghetti_detector': True}
2026-07-28 21:02:05,014 DEBUG [backend.app.services.bambu_mqtt] [-] [[SERIAL]] Parsing xcam data - all fields: ['allow_skip_parts', 'buildplate_marker_detector', 'cfg', 'first_layer_inspector', 'halt_print_sensitivity', 'print_halt', 'printing_monitor', 'spaghetti_detector']
2026-07-28 21:02:05,014 DEBUG [backend.app.services.bambu_mqtt] [-] [[SERIAL]] xcam cfg bitmask: 8089015 (binary: 0b11110110110110110110111)
2026-07-28 21:02:05,014 DEBUG [backend.app.services.bambu_mqtt] [-] [[SERIAL]] Received gcode_state: IDLE, gcode_file: , subtask_name: 
2026-07-28 21:02:05,015 DEBUG [backend.app.services.bambu_mqtt] [-] [[SERIAL]] ams_extruder_map: {'0': 1}
2026-07-28 21:02:05,015 DEBUG [backend.app.services.bambu_mqtt] [-] [[SERIAL]] Received command response: push_status
2026-07-28 21:02:05,015 DEBUG [backend.app.services.bambu_mqtt] [-] [[SERIAL]] HMS data received: [{'attr': 83887616, 'code': 131184, 'ts_boot': 27709, 'ts_unix': '20260607190638'}, {'attr': 83887360, 'code': 65543, 'ts_boot': 33667, 'ts_unix': '20260607190644'}]
2026-07-28 21:02:05,015 DEBUG [backend.app.services.bambu_mqtt] [-] [[SERIAL]] lights_report: [{'mode': 'on', 'node': 'chamber_light'}, {'mode': 'flashing', 'node': 'work_light'}]
2026-07-28 21:02:05,015 DEBUG [backend.app.services.bambu_mqtt] [-] [[SERIAL]] MQTT mapping field: []
2026-07-28 21:02:05,015 DEBUG [backend.app.services.bambu_mqtt] [-] [[SERIAL]] gcode_state: IDLE -> IDLE, file: , subtask: 
2026-07-28 21:02:06,059 DEBUG [backend.app.services.bambu_mqtt] [-] [[SERIAL]] Found xcam inside print data: {'allow_skip_parts': False, 'buildplate_marker_detector': True, 'cfg': 8089015, 'first_layer_inspector': True, 'halt_print_sensitivity': 'medium', 'print_halt': True, 'printing_monitor': True, 'spaghetti_detector': True}
2026-07-28 21:02:06,059 DEBUG [backend.app.services.bambu_mqtt] [-] [[SERIAL]] Parsing xcam data - all fields: ['allow_skip_parts', 'buildplate_marker_detector', 'cfg', 'first_layer_inspector', 'halt_print_sensitivity', 'print_halt', 'printing_monitor', 'spaghetti_detector']
2026-07-28 21:02:06,059 DEBUG [backend.app.services.bambu_mqtt] [-] [[SERIAL]] xcam cfg bitmask: 8089015 (binary: 0b11110110110110110110111)
2026-07-28 21:02:06,059 DEBUG [backend.app.services.bambu_mqtt] [-] [[SERIAL]] Received gcode_state: IDLE, gcode_file: , subtask_name: 
2026-07-28 21:02:06,059 DEBUG [backend.app.services.bambu_mqtt] [-] [[SERIAL]] ams_extruder_map: {'0': 1}
2026-07-28 21:02:06,060 DEBUG [backend.app.services.bambu_mqtt] [-] [[SERIAL]] Received command response: push_status
2026-07-28 21:02:06,060 DEBUG [backend.app.services.bambu_mqtt] [-] [[SERIAL]] HMS data received: [{'attr': 83887616, 'code': 131184, 'ts_boot': 27709, 'ts_unix': '20260607190638'}, {'attr': 83887360, 'code': 65543, 'ts_boot': 33667, 'ts_unix': '20260607190644'}]
2026-07-28 21:02:06,060 DEBUG [backend.app.services.bambu_mqtt] [-] [[SERIAL]] lights_report: [{'mode': 'on', 'node': 'chamber_light'}, {'mode': 'flashing', 'node': 'work_light'}]
2026-07-28 21:02:06,060 DEBUG [backend.app.services.bambu_mqtt] [-] [[SERIAL]] MQTT mapping field: []
2026-07-28 21:02:06,060 DEBUG [backend.app.services.bambu_mqtt] [-] [[SERIAL]] gcode_state: IDLE -> IDLE, file: , subtask: 
2026-07-28 21:02:07,114 DEBUG [backend.app.services.bambu_mqtt] [-] [[SERIAL]] Found xcam inside print data: {'allow_skip_parts': False, 'buildplate_marker_detector': True, 'cfg': 8089015, 'first_layer_inspector': True, 'halt_print_sensitivity': 'medium', 'print_halt': True, 'printing_monitor': True, 'spaghetti_detector': True}
2026-07-28 21:02:07,114 DEBUG [backend.app.services.bambu_mqtt] [-] [[SERIAL]] Parsing xcam data - all fields: ['allow_skip_parts', 'buildplate_marker_detector', 'cfg', 'first_layer_inspector', 'halt_print_sensitivity', 'print_halt', 'printing_monitor', 'spaghetti_detector']
2026-07-28 21:02:07,114 DEBUG [backend.app.services.bambu_mqtt] [-] [[SERIAL]] xcam cfg bitmask: 8089015 (binary: 0b11110110110110110110111)
2026-07-28 21:02:07,114 DEBUG [backend.app.services.bambu_mqtt] [-] [[SERIAL]] Received gcode_state: IDLE, gcode_file: , subtask_name: 
2026-07-28 21:02:07,114 DEBUG [backend.app.services.bambu_mqtt] [-] [[SERIAL]] ams_extruder_map: {'0': 1}
2026-07-28 21:02:07,114 DEBUG [backend.app.services.bambu_mqtt] [-] [[SERIAL]] Received command response: push_status
2026-07-28 21:02:07,114 DEBUG [backend.app.services.bambu_mqtt] [-] [[SERIAL]] HMS data received: [{'attr': 83887616, 'code': 131184, 'ts_boot': 27709, 'ts_unix': '20260607190638'}, {'attr': 83887360, 'code': 65543, 'ts_boot': 33667, 'ts_unix': '20260607190644'}]
2026-07-28 21:02:07,115 DEBUG [backend.app.services.bambu_mqtt] [-] [[SERIAL]] lights_report: [{'mode': 'on', 'node': 'chamber_light'}, {'mode': 'flashing', 'node': 'work_light'}]
2026-07-28 21:02:07,115 DEBUG [backend.app.services.bambu_mqtt] [-] [[SERIAL]] MQTT mapping field: []
2026-07-28 21:02:07,115 DEBUG [backend.app.services.bambu_mqtt] [-] [[SERIAL]] gcode_state: IDLE -> IDLE, file: , subtask: 
2026-07-28 21:02:08,211 DEBUG [backend.app.services.bambu_mqtt] [-] [[SERIAL]] Found xcam inside print data: {'allow_skip_parts': False, 'buildplate_marker_detector': True, 'cfg': 8089015, 'first_layer_inspector': True, 'halt_print_sensitivity': 'medium', 'print_halt': True, 'printing_monitor': True, 'spaghetti_detector': True}
2026-07-28 21:02:08,211 DEBUG [backend.app.services.bambu_mqtt] [-] [[SERIAL]] Parsing xcam data - all fields: ['allow_skip_parts', 'buildplate_marker_detector', 'cfg', 'first_layer_inspector', 'halt_print_sensitivity', 'print_halt', 'printing_monitor', 'spaghetti_detector']
2026-07-28 21:02:08,211 DEBUG [backend.app.services.bambu_mqtt] [-] [[SERIAL]] xcam cfg bitmask: 8089015 (binary: 0b11110110110110110110111)
2026-07-28 21:02:08,211 DEBUG [backend.app.services.bambu_mqtt] [-] [[SERIAL]] Received gcode_state: IDLE, gcode_file: , subtask_name: 
2026-07-28 21:02:08,211 DEBUG [backend.app.services.bambu_mqtt] [-] [[SERIAL]] ams_extruder_map: {'0': 1}
2026-07-28 21:02:08,211 DEBUG [backend.app.services.bambu_mqtt] [-] [[SERIAL]] Received command response: push_status
2026-07-28 21:02:08,212 DEBUG [backend.app.services.bambu_mqtt] [-] [[SERIAL]] HMS data received: [{'attr': 83887616, 'code': 131184, 'ts_boot': 27709, 'ts_unix': '20260607190638'}, {'attr': 83887360, 'code': 65543, 'ts_boot': 33667, 'ts_unix': '20260607190644'}]
2026-07-28 21:02:08,212 DEBUG [backend.app.services.bambu_mqtt] [-] [[SERIAL]] lights_report: [{'mode': 'on', 'node': 'chamber_light'}, {'mode': 'flashing', 'node': 'work_light'}]
2026-07-28 21:02:08,212 DEBUG [backend.app.services.bambu_mqtt] [-] [[SERIAL]] MQTT mapping field: []
2026-07-28 21:02:08,212 DEBUG [backend.app.services.bambu_mqtt] [-] [[SERIAL]] gcode_state: IDLE -> IDLE, file: , subtask: 
2026-07-28 21:02:09,261 DEBUG [backend.app.services.bambu_mqtt] [-] [[SERIAL]] Found xcam inside print data: {'allow_skip_parts': False, 'buildplate_marker_detector': True, 'cfg': 8089015, 'first_layer_inspector': True, 'halt_print_sensitivity': 'medium', 'print_halt': True, 'printing_monitor': True, 'spaghetti_detector': True}
2026-07-28 21:02:09,262 DEBUG [backend.app.services.bambu_mqtt] [-] [[SERIAL]] Parsing xcam data - all fields: ['allow_skip_parts', 'buildplate_marker_detector', 'cfg', 'first_layer_inspector', 'halt_print_sensitivity', 'print_halt', 'printing_monitor', 'spaghetti_detector']
2026-07-28 21:02:09,262 DEBUG [backend.app.services.bambu_mqtt] [-] [[SERIAL]] xcam cfg bitmask: 8089015 (binary: 0b11110110110110110110111)
2026-07-28 21:02:09,262 DEBUG [backend.app.services.bambu_mqtt] [-] [[SERIAL]] Received gcode_state: IDLE, gcode_file: , subtask_name: 
2026-07-28 21:02:09,262 DEBUG [backend.app.services.bambu_mqtt] [-] [[SERIAL]] ams_extruder_map: {'0': 1}
2026-07-28 21:02:09,262 DEBUG [backend.app.services.bambu_mqtt] [-] [[SERIAL]] Received command response: push_status
2026-07-28 21:02:09,262 DEBUG [backend.app.services.bambu_mqtt] [-] [[SERIAL]] HMS data received: [{'attr': 83887616, 'code': 131184, 'ts_boot': 27709, 'ts_unix': '20260607190638'}, {'attr': 83887360, 'code': 65543, 'ts_boot': 33667, 'ts_unix': '20260607190644'}]
2026-07-28 21:02:09,263 DEBUG [backend.app.services.bambu_mqtt] [-] [[SERIAL]] lights_report: [{'mode': 'on', 'node': 'chamber_light'}, {'mode': 'flashing', 'node': 'work_light'}]
2026-07-28 21:02:09,263 DEBUG [backend.app.services.bambu_mqtt] [-] [[SERIAL]] MQTT mapping field: []
2026-07-28 21:02:09,263 DEBUG [backend.app.services.bambu_mqtt] [-] [[SERIAL]] gcode_state: IDLE -> IDLE, file: , subtask: 
2026-07-28 21:02:10,536 DEBUG [backend.app.services.bambu_mqtt] [-] [[SERIAL]] Found xcam inside print data: {'allow_skip_parts': False, 'buildplate_marker_detector': True, 'cfg': 8089015, 'first_layer_inspector': True, 'halt_print_sensitivity': 'medium', 'print_halt': True, 'printing_monitor': True, 'spaghetti_detector': True}
2026-07-28 21:02:10,536 DEBUG [backend.app.services.bambu_mqtt] [-] [[SERIAL]] Parsing xcam data - all fields: ['allow_skip_parts', 'buildplate_marker_detector', 'cfg', 'first_layer_inspector', 'halt_print_sensitivity', 'print_halt', 'printing_monitor', 'spaghetti_detector']
2026-07-28 21:02:10,536 DEBUG [backend.app.services.bambu_mqtt] [-] [[SERIAL]] xcam cfg bitmask: 8089015 (binary: 0b11110110110110110110111)
2026-07-28 21:02:10,536 DEBUG [backend.app.services.bambu_mqtt] [-] [[SERIAL]] Received gcode_state: IDLE, gcode_file: , subtask_name: 
2026-07-28 21:02:10,536 DEBUG [backend.app.services.bambu_mqtt] [-] [[SERIAL]] ams_extruder_map: {'0': 1}
2026-07-28 21:02:10,537 DEBUG [backend.app.services.bambu_mqtt] [-] [[SERIAL]] Received command response: push_status
2026-07-28 21:02:10,537 DEBUG [backend.app.services.bambu_mqtt] [-] [[SERIAL]] HMS data received: [{'attr': 83887616, 'code': 131184, 'ts_boot': 27709, 'ts_unix': '20260607190638'}, {'attr': 83887360, 'code': 65543, 'ts_boot': 33667, 'ts_unix': '20260607190644'}]
2026-07-28 21:02:10,537 DEBUG [backend.app.services.bambu_mqtt] [-] [[SERIAL]] lights_report: [{'mode': 'on', 'node': 'chamber_light'}, {'mode': 'flashing', 'node': 'work_light'}]
2026-07-28 21:02:10,537 DEBUG [backend.app.services.bambu_mqtt] [-] [[SERIAL]] MQTT mapping field: []
2026-07-28 21:02:10,537 DEBUG [backend.app.services.bambu_mqtt] [-] [[SERIAL]] gcode_state: IDLE -> IDLE, file: , subtask: 
2026-07-28 21:02:11,581 DEBUG [backend.app.services.bambu_mqtt] [-] [[SERIAL]] Found xcam inside print data: {'allow_skip_parts': False, 'buildplate_marker_detector': True, 'cfg': 8089015, 'first_layer_inspector': True, 'halt_print_sensitivity': 'medium', 'print_halt': True, 'printing_monitor': True, 'spaghetti_detector': True}
2026-07-28 21:02:11,581 DEBUG [backend.app.services.bambu_mqtt] [-] [[SERIAL]] Parsing xcam data - all fields: ['allow_skip_parts', 'buildplate_marker_detector', 'cfg', 'first_layer_inspector', 'halt_print_sensitivity', 'print_halt', 'printing_monitor', 'spaghetti_detector']
2026-07-28 21:02:11,582 DEBUG [backend.app.services.bambu_mqtt] [-] [[SERIAL]] xcam cfg bitmask: 8089015 (binary: 0b11110110110110110110111)
2026-07-28 21:02:11,582 DEBUG [backend.app.services.bambu_mqtt] [-] [[SERIAL]] Received gcode_state: IDLE, gcode_file: , subtask_name: 
2026-07-28 21:02:11,582 DEBUG [backend.app.services.bambu_mqtt] [-] [[SERIAL]] ams_extruder_map: {'0': 1}
2026-07-28 21:02:11,582 DEBUG [backend.app.services.bambu_mqtt] [-] [[SERIAL]] Received command response: push_status
2026-07-28 21:02:11,582 DEBUG [backend.app.services.bambu_mqtt] [-] [[SERIAL]] HMS data received: [{'attr': 83887616, 'code': 131184, 'ts_boot': 27709, 'ts_unix': '20260607190638'}, {'attr': 83887360, 'code': 65543, 'ts_boot': 33667, 'ts_unix': '20260607190644'}]
2026-07-28 21:02:11,583 DEBUG [backend.app.services.bambu_mqtt] [-] [[SERIAL]] lights_report: [{'mode': 'on', 'node': 'chamber_light'}, {'mode': 'flashing', 'node': 'work_light'}]
2026-07-28 21:02:11,583 DEBUG [backend.app.services.bambu_mqtt] [-] [[SERIAL]] MQTT mapping field: []
2026-07-28 21:02:11,583 DEBUG [backend.app.services.bambu_mqtt] [-] [[SERIAL]] gcode_state: IDLE -> IDLE, file: , subtask: 
2026-07-28 21:02:12,877 DEBUG [backend.app.services.bambu_mqtt] [-] [[SERIAL]] Found xcam inside print data: {'allow_skip_parts': False, 'buildplate_marker_detector': True, 'cfg': 8089015, 'first_layer_inspector': True, 'halt_print_sensitivity': 'medium', 'print_halt': True, 'printing_monitor': True, 'spaghetti_detector': True}
2026-07-28 21:02:12,878 DEBUG [backend.app.services.bambu_mqtt] [-] [[SERIAL]] Parsing xcam data - all fields: ['allow_skip_parts', 'buildplate_marker_detector', 'cfg', 'first_layer_inspector', 'halt_print_sensitivity', 'print_halt', 'printing_monitor', 'spaghetti_detector']
2026-07-28 21:02:12,878 DEBUG [backend.app.services.bambu_mqtt] [-] [[SERIAL]] xcam cfg bitmask: 8089015 (binary: 0b11110110110110110110111)
2026-07-28 21:02:12,878 DEBUG [backend.app.services.bambu_mqtt] [-] [[SERIAL]] Received gcode_state: IDLE, gcode_file: , subtask_name: 
2026-07-28 21:02:12,878 DEBUG [backend.app.services.bambu_mqtt] [-] [[SERIAL]] ams_extruder_map: {'0': 1}
2026-07-28 21:02:12,878 DEBUG [backend.app.services.bambu_mqtt] [-] [[SERIAL]] Received command response: push_status
2026-07-28 21:02:12,878 DEBUG [backend.app.services.bambu_mqtt] [-] [[SERIAL]] HMS data received: [{'attr': 83887616, 'code': 131184, 'ts_boot': 27709, 'ts_unix': '20260607190638'}, {'attr': 83887360, 'code': 65543, 'ts_boot': 33667, 'ts_unix': '20260607190644'}]
2026-07-28 21:02:12,879 DEBUG [backend.app.services.bambu_mqtt] [-] [[SERIAL]] lights_report: [{'mode': 'on', 'node': 'chamber_light'}, {'mode': 'flashing', 'node': 'work_light'}]
2026-07-28 21:02:12,879 DEBUG [backend.app.services.bambu_mqtt] [-] [[SERIAL]] MQTT mapping field: []
2026-07-28 21:02:12,879 DEBUG [backend.app.services.bambu_mqtt] [-] [[SERIAL]] gcode_state: IDLE -> IDLE, file: , subtask: 