2026-07-25 10:49:19,739 INFO [backend.app.services.print_scheduler] [-] Queue: printer 1 not available — connected=True, state=RUNNING, awaiting_plate_clear=False
2026-07-25 10:49:49,760 INFO [backend.app.services.print_scheduler] [-] Queue check: found 4 pending items: [(81, 1, None, 3152), (82, 1, None, 3156), (83, 1, None, 3146), (85, 1, None, 3154)]
2026-07-25 10:49:49,763 INFO [backend.app.services.print_scheduler] [-] Queue: printer 1 not available — connected=True, state=RUNNING, awaiting_plate_clear=False
2026-07-25 10:50:15,453 INFO [backend.app.main] [-] [SNAPSHOT] Capturing fresh frame for printer 1
2026-07-25 10:50:15,455 INFO [backend.app.services.camera] [-] Capturing camera frame bytes from [IP] using RTSP (model: H2C)
2026-07-25 10:50:17,051 INFO [backend.app.services.camera] [-] Successfully captured camera frame bytes: 370180 bytes
2026-07-25 10:50:17,052 INFO [backend.app.main] [-] [SNAPSHOT] Fresh camera frame: 370180 bytes
2026-07-25 10:50:19,799 INFO [backend.app.services.print_scheduler] [-] Queue check: found 4 pending items: [(81, 1, None, 3152), (82, 1, None, 3156), (83, 1, None, 3146), (85, 1, None, 3154)]
2026-07-25 10:50:19,803 INFO [backend.app.services.print_scheduler] [-] Queue: printer 1 not available — connected=True, state=RUNNING, awaiting_plate_clear=False
2026-07-25 10:50:24,480 INFO [backend.app.api.routes.websocket] [-] WebSocket client disconnected normally
2026-07-25 10:50:49,827 INFO [backend.app.services.print_scheduler] [-] Queue check: found 4 pending items: [(81, 1, None, 3152), (82, 1, None, 3156), (83, 1, None, 3146), (85, 1, None, 3154)]
2026-07-25 10:50:49,829 INFO [backend.app.services.print_scheduler] [-] Queue: printer 1 not available — connected=True, state=RUNNING, awaiting_plate_clear=False
2026-07-25 10:51:19,852 INFO [backend.app.services.print_scheduler] [-] Queue check: found 4 pending items: [(81, 1, None, 3152), (82, 1, None, 3156), (83, 1, None, 3146), (85, 1, None, 3154)]
2026-07-25 10:51:19,854 INFO [backend.app.services.print_scheduler] [-] Queue: printer 1 not available — connected=True, state=RUNNING, awaiting_plate_clear=False
2026-07-25 10:51:26,220 INFO [backend.app.main] [-] [SNAPSHOT] Capturing fresh frame for printer 1
2026-07-25 10:51:26,223 INFO [backend.app.services.camera] [-] Capturing camera frame bytes from [IP] using RTSP (model: H2C)
2026-07-25 10:51:27,779 INFO [backend.app.services.camera] [-] Successfully captured camera frame bytes: 358997 bytes
2026-07-25 10:51:27,780 INFO [backend.app.main] [-] [SNAPSHOT] Fresh camera frame: 358997 bytes
2026-07-25 10:51:49,874 INFO [backend.app.services.print_scheduler] [-] Queue check: found 4 pending items: [(81, 1, None, 3152), (82, 1, None, 3156), (83, 1, None, 3146), (85, 1, None, 3154)]
2026-07-25 10:51:49,876 INFO [backend.app.services.print_scheduler] [-] Queue: printer 1 not available — connected=True, state=RUNNING, awaiting_plate_clear=False
2026-07-25 10:51:51,374 INFO [uvicorn.access] [-] [IP]:39850 - "POST /api/v1/printers/camera/stream-token HTTP/1.1" 200
2026-07-25 10:51:51,619 INFO [backend.app.api.routes.printers] [1cca5c85] Cover: resolved plate 5 before download (subtask=Golf+ball+dispenser+pro_OPTIONAL_adjustable_legs)
2026-07-25 10:51:51,623 INFO [backend.app.api.routes.cloud] [4a46cf99] get_filament_info called with 5 IDs: ['PMPL24', 'PMPL07', 'GFSNL08', 'GFA12', 'GFL99']
2026-07-25 10:51:51,652 INFO [uvicorn.access] [-] [IP]:40006 - "POST /api/v1/cloud/filament-info HTTP/1.1" 200
2026-07-25 10:51:51,874 INFO [uvicorn.access] [-] [IP]:40054 - "POST /api/v1/auth/ws-token HTTP/1.1" 200
2026-07-25 10:51:51,925 INFO [backend.app.api.routes.websocket] [-] WebSocket client connecting (principal=[USER])
2026-07-25 10:51:51,946 INFO [backend.app.api.routes.websocket] [-] WebSocket client connected
2026-07-25 10:51:51,947 INFO [backend.app.api.routes.websocket] [-] Sent initial status for 1 printers
2026-07-25 10:52:19,898 INFO [backend.app.services.print_scheduler] [-] Queue check: found 4 pending items: [(81, 1, None, 3152), (82, 1, None, 3156), (83, 1, None, 3146), (85, 1, None, 3154)]
2026-07-25 10:52:19,900 INFO [backend.app.services.print_scheduler] [-] Queue: printer 1 not available — connected=True, state=RUNNING, awaiting_plate_clear=False
2026-07-25 10:52:38,089 INFO [backend.app.main] [-] [SNAPSHOT] Capturing fresh frame for printer 1
2026-07-25 10:52:38,091 INFO [backend.app.services.camera] [-] Capturing camera frame bytes from [IP] using RTSP (model: H2C)
2026-07-25 10:52:39,620 INFO [backend.app.services.camera] [-] Successfully captured camera frame bytes: 367317 bytes
2026-07-25 10:52:39,620 INFO [backend.app.main] [-] [SNAPSHOT] Fresh camera frame: 367317 bytes
2026-07-25 10:52:49,922 INFO [backend.app.services.print_scheduler] [-] Queue check: found 4 pending items: [(81, 1, None, 3152), (82, 1, None, 3156), (83, 1, None, 3146), (85, 1, None, 3154)]
2026-07-25 10:52:49,924 INFO [backend.app.services.print_scheduler] [-] Queue: printer 1 not available — connected=True, state=RUNNING, awaiting_plate_clear=False
2026-07-25 10:52:51,926 INFO [backend.app.api.routes.websocket] [-] WebSocket client disconnected normally
2026-07-25 10:53:19,946 INFO [backend.app.services.print_scheduler] [-] Queue check: found 4 pending items: [(81, 1, None, 3152), (82, 1, None, 3156), (83, 1, None, 3146), (85, 1, None, 3154)]
2026-07-25 10:53:19,948 INFO [backend.app.services.print_scheduler] [-] Queue: printer 1 not available — connected=True, state=RUNNING, awaiting_plate_clear=False
2026-07-25 10:53:25,017 INFO [uvicorn.access] [-] [IP]:39512 - "POST /api/v1/auth/ws-token HTTP/1.1" 200
2026-07-25 10:53:25,115 INFO [backend.app.api.routes.websocket] [-] WebSocket client connecting (principal=[USER])
2026-07-25 10:53:25,118 INFO [backend.app.api.routes.websocket] [-] WebSocket client connected
2026-07-25 10:53:25,119 INFO [backend.app.api.routes.websocket] [-] Sent initial status for 1 printers
2026-07-25 10:53:49,968 INFO [backend.app.services.print_scheduler] [-] Queue check: found 4 pending items: [(81, 1, None, 3152), (82, 1, None, 3156), (83, 1, None, 3146), (85, 1, None, 3154)]
2026-07-25 10:53:49,970 INFO [backend.app.services.print_scheduler] [-] Queue: printer 1 not available — connected=True, state=RUNNING, awaiting_plate_clear=False
2026-07-25 10:53:50,465 INFO [backend.app.main] [-] [SNAPSHOT] Capturing fresh frame for printer 1
2026-07-25 10:53:50,467 INFO [backend.app.services.camera] [-] Capturing camera frame bytes from [IP] using RTSP (model: H2C)
2026-07-25 10:53:52,097 INFO [backend.app.services.camera] [-] Successfully captured camera frame bytes: 381782 bytes
2026-07-25 10:53:52,097 INFO [backend.app.main] [-] [SNAPSHOT] Fresh camera frame: 381782 bytes
2026-07-25 10:53:52,771 INFO [backend.app.api.routes.websocket] [-] WebSocket client disconnected normally
2026-07-25 10:54:02,273 INFO [backend.app.main] [-] Recorded 1 AMS sensor history entries
2026-07-25 10:54:03,294 INFO [uvicorn.access] [-] [IP]:48354 - "POST /api/v1/auth/ws-token HTTP/1.1" 200
2026-07-25 10:54:03,384 INFO [backend.app.api.routes.websocket] [-] WebSocket client connecting (principal=[USER])
2026-07-25 10:54:03,414 INFO [backend.app.api.routes.websocket] [-] WebSocket client connected
2026-07-25 10:54:03,416 INFO [backend.app.api.routes.websocket] [-] Sent initial status for 1 printers
2026-07-25 10:54:19,992 INFO [backend.app.services.print_scheduler] [-] Queue check: found 4 pending items: [(81, 1, None, 3152), (82, 1, None, 3156), (83, 1, None, 3146), (85, 1, None, 3154)]
2026-07-25 10:54:19,994 INFO [backend.app.services.print_scheduler] [-] Queue: printer 1 not available — connected=True, state=RUNNING, awaiting_plate_clear=False
2026-07-25 10:54:25,117 INFO [backend.app.api.routes.websocket] [-] WebSocket client disconnected normally
2026-07-25 10:54:50,014 INFO [backend.app.services.print_scheduler] [-] Queue check: found 4 pending items: [(81, 1, None, 3152), (82, 1, None, 3156), (83, 1, None, 3146), (85, 1, None, 3154)]
2026-07-25 10:54:50,016 INFO [backend.app.services.print_scheduler] [-] Queue: printer 1 not available — connected=True, state=RUNNING, awaiting_plate_clear=False
2026-07-25 10:55:03,706 INFO [backend.app.main] [-] [SNAPSHOT] Capturing fresh frame for printer 1
2026-07-25 10:55:03,708 INFO [backend.app.services.camera] [-] Capturing camera frame bytes from [IP] using RTSP (model: H2C)
2026-07-25 10:55:05,273 INFO [backend.app.services.camera] [-] Successfully captured camera frame bytes: 366037 bytes
2026-07-25 10:55:05,274 INFO [backend.app.main] [-] [SNAPSHOT] Fresh camera frame: 366037 bytes
2026-07-25 10:55:20,036 INFO [backend.app.services.print_scheduler] [-] Queue check: found 4 pending items: [(81, 1, None, 3152), (82, 1, None, 3156), (83, 1, None, 3146), (85, 1, None, 3154)]
2026-07-25 10:55:20,038 INFO [backend.app.services.print_scheduler] [-] Queue: printer 1 not available — connected=True, state=RUNNING, awaiting_plate_clear=False
2026-07-25 10:55:50,059 INFO [backend.app.services.print_scheduler] [-] Queue check: found 4 pending items: [(81, 1, None, 3152), (82, 1, None, 3156), (83, 1, None, 3146), (85, 1, None, 3154)]
2026-07-25 10:55:50,060 INFO [backend.app.services.print_scheduler] [-] Queue: printer 1 not available — connected=True, state=RUNNING, awaiting_plate_clear=False
2026-07-25 10:56:16,475 INFO [backend.app.main] [-] [SNAPSHOT] Capturing fresh frame for printer 1
2026-07-25 10:56:16,477 INFO [backend.app.services.camera] [-] Capturing camera frame bytes from [IP] using RTSP (model: H2C)
2026-07-25 10:56:18,151 INFO [backend.app.services.camera] [-] Successfully captured camera frame bytes: 375035 bytes
2026-07-25 10:56:18,152 INFO [backend.app.main] [-] [SNAPSHOT] Fresh camera frame: 375035 bytes
2026-07-25 10:56:20,082 INFO [backend.app.services.print_scheduler] [-] Queue check: found 4 pending items: [(81, 1, None, 3152), (82, 1, None, 3156), (83, 1, None, 3146), (85, 1, None, 3154)]
2026-07-25 10:56:20,083 INFO [backend.app.services.print_scheduler] [-] Queue: printer 1 not available — connected=True, state=RUNNING, awaiting_plate_clear=False
2026-07-25 10:56:29,617 INFO [backend.app.api.routes.support] [f5357b67] Log level changed to DEBUG
2026-07-25 10:56:29,617 INFO [backend.app.api.routes.bug_report] [f5357b67] Bug report: enabled debug logging
2026-07-25 10:56:29,617 DEBUG [backend.app.services.bambu_mqtt] [f5357b67] [[SERIAL]] Requesting status update (pushall)
2026-07-25 10:56:29,618 INFO [uvicorn.access] [-] [IP]:48354 - "POST /api/v1/bug-report/start-logging HTTP/1.1" 200
2026-07-25 10:56:30,332 DEBUG [backend.app.services.bambu_mqtt] [-] [[SERIAL]] Found xcam inside print data: {'allow_skip_parts': False, 'buildplate_marker_detector': True, 'cfg': 1797559, 'first_layer_inspector': True, 'halt_print_sensitivity': 'medium', 'print_halt': True, 'printing_monitor': True, 'spaghetti_detector': True}
2026-07-25 10:56:30,332 DEBUG [backend.app.services.bambu_mqtt] [-] [[SERIAL]] Parsing xcam data - all fields: ['allow_skip_parts', 'buildplate_marker_detector', 'cfg', 'first_layer_inspector', 'halt_print_sensitivity', 'print_halt', 'printing_monitor', 'spaghetti_detector']
2026-07-25 10:56:30,332 DEBUG [backend.app.services.bambu_mqtt] [-] [[SERIAL]] xcam cfg bitmask: 1797559 (binary: 0b110110110110110110111)
2026-07-25 10:56:30,332 DEBUG [backend.app.services.bambu_mqtt] [-] [[SERIAL]] Received gcode_state: RUNNING, gcode_file: /data/Metadata/plate_5.gcode, subtask_name: Golf+ball+dispenser+pro_OPTIONAL_adjustable_legs
2026-07-25 10:56:30,332 DEBUG [backend.app.services.bambu_mqtt] [-] [[SERIAL]] AMS dict fields: {'ams_exist_bits': '1', 'ams_exist_bits_raw': '1', 'cali_id': 255, 'cali_stat': 0, 'cfs': [2, 3, 4, 5, 7], 'insert_flag': True, 'power_on_flag': False, 'tray_exist_bits': 'f', 'tray_hall_out_bits': '2', 'tray_is_bbl_bits': 'f', 'tray_now': '1', 'tray_pre': '1', 'tray_read_done_bits': 'f', 'tray_reading_bits': '0', 'tray_tar': '1', 'unbind_ams_stat': 0, 'version': 29107}
2026-07-25 10:56:30,333 DEBUG [backend.app.services.bambu_mqtt] [-] [[SERIAL]] tray_now updated: 1
2026-07-25 10:56:30,333 DEBUG [backend.app.services.bambu_mqtt] [-] [[SERIAL]] Merged AMS data: 1 new units, 1 total
2026-07-25 10:56:30,333 DEBUG [backend.app.services.bambu_mqtt] [-] [[SERIAL]] AMS 0 info=0x10002003 -> extruder 0
2026-07-25 10:56:30,333 DEBUG [backend.app.services.bambu_mqtt] [-] [[SERIAL]] ams_extruder_map: {'0': 0}
2026-07-25 10:56:30,333 DEBUG [backend.app.services.bambu_mqtt] [-] [[SERIAL]] ams_status: 768 (main=3, sub=0)
2026-07-25 10:56:30,334 DEBUG [backend.app.services.bambu_mqtt] [-] [[SERIAL]] Received command response: push_status
2026-07-25 10:56:30,334 DEBUG [backend.app.services.bambu_mqtt] [-] [[SERIAL]] device.extruder.state=2 (switch_state bits 12-14: 0)
2026-07-25 10:56:30,334 DEBUG [backend.app.services.bambu_mqtt] [-] [[SERIAL]] info.temp direct: 35°C (heater OFF)
2026-07-25 10:56:30,334 DEBUG [backend.app.services.bambu_mqtt] [-] [[SERIAL]] ctc_info keys: ['temp']
2026-07-25 10:56:30,334 DEBUG [backend.app.services.bambu_mqtt] [-] [[SERIAL]] Chamber heating calculated: target=0.0, current=35.0, heating=False, respect_local=False
2026-07-25 10:56:30,335 DEBUG [backend.app.services.bambu_mqtt] [-] [[SERIAL]] Chamber temp updated to: 35.0, target: 0.0, heating: False
2026-07-25 10:56:30,335 DEBUG [backend.app.services.bambu_mqtt] [-] [[SERIAL]] HMS data received: []
2026-07-25 10:56:30,335 DEBUG [backend.app.services.bambu_mqtt] [-] [[SERIAL]] ipcam field: {'agora_service': 'disable', 'brtc_service': 'enable', 'bs_state': 0, 'cap_pic_enable': 'invalid', 'ipcam_dev': '1', 'ipcam_record': 'enable', 'laser_preview_res': 6, 'mode_bits': 2, 'resolution': '1080p', 'rtsp_url': 'rtsps://[IP]:322/streaming/live/1', 'timelapse': 'enable', 'tl_store_hpd_type': 2, 'tl_store_path_type': 2, 'tutk_server': 'disable'}
2026-07-25 10:56:30,335 DEBUG [backend.app.services.bambu_mqtt] [-] [[SERIAL]] Timelapse detected during print (from ipcam)
2026-07-25 10:56:30,336 DEBUG [backend.app.services.bambu_mqtt] [-] [[SERIAL]] wifi_signal received: -24dBm
2026-07-25 10:56:30,336 DEBUG [backend.app.services.bambu_mqtt] [-] [[SERIAL]] lights_report: [{'mode': 'on', 'node': 'chamber_light'}, {'mode': 'flashing', 'node': 'work_light'}, {'mode': 'on', 'node': 'chamber_light2'}]
2026-07-25 10:56:30,336 DEBUG [backend.app.services.bambu_mqtt] [-] [[SERIAL]] MQTT mapping field: [65535, 65535, 65535, 1]
2026-07-25 10:56:30,336 DEBUG [backend.app.services.bambu_mqtt] [-] [[SERIAL]] gcode_state: RUNNING -> RUNNING, file: /data/Metadata/plate_5.gcode, subtask: Golf+ball+dispenser+pro_OPTIONAL_adjustable_legs
2026-07-25 10:56:31,521 DEBUG [backend.app.services.bambu_mqtt] [-] [[SERIAL]] Found xcam inside print data: {'allow_skip_parts': False, 'buildplate_marker_detector': True, 'cfg': 1797559, 'first_layer_inspector': True, 'halt_print_sensitivity': 'medium', 'print_halt': True, 'printing_monitor': True, 'spaghetti_detector': True}
2026-07-25 10:56:31,521 DEBUG [backend.app.services.bambu_mqtt] [-] [[SERIAL]] Parsing xcam data - all fields: ['allow_skip_parts', 'buildplate_marker_detector', 'cfg', 'first_layer_inspector', 'halt_print_sensitivity', 'print_halt', 'printing_monitor', 'spaghetti_detector']
2026-07-25 10:56:31,521 DEBUG [backend.app.services.bambu_mqtt] [-] [[SERIAL]] xcam cfg bitmask: 1797559 (binary: 0b110110110110110110111)
2026-07-25 10:56:31,522 DEBUG [backend.app.services.bambu_mqtt] [-] [[SERIAL]] Received gcode_state: RUNNING, gcode_file: /data/Metadata/plate_5.gcode, subtask_name: Golf+ball+dispenser+pro_OPTIONAL_adjustable_legs
2026-07-25 10:56:31,522 DEBUG [backend.app.services.bambu_mqtt] [-] [[SERIAL]] ams_extruder_map: {'0': 0}
2026-07-25 10:56:31,522 DEBUG [backend.app.services.bambu_mqtt] [-] [[SERIAL]] Received command response: push_status
2026-07-25 10:56:31,523 DEBUG [backend.app.services.bambu_mqtt] [-] [[SERIAL]] HMS data received: []
2026-07-25 10:56:31,523 DEBUG [backend.app.services.bambu_mqtt] [-] [[SERIAL]] Timelapse detected during print (from ipcam)
2026-07-25 10:56:31,523 DEBUG [backend.app.services.bambu_mqtt] [-] [[SERIAL]] lights_report: [{'mode': 'on', 'node': 'chamber_light'}, {'mode': 'flashing', 'node': 'work_light'}, {'mode': 'on', 'node': 'chamber_light2'}]
2026-07-25 10:56:31,524 DEBUG [backend.app.services.bambu_mqtt] [-] [[SERIAL]] MQTT mapping field: [65535, 65535, 65535, 1]
2026-07-25 10:56:31,524 DEBUG [backend.app.services.bambu_mqtt] [-] [[SERIAL]] gcode_state: RUNNING -> RUNNING, file: /data/Metadata/plate_5.gcode, subtask: Golf+ball+dispenser+pro_OPTIONAL_adjustable_legs
2026-07-25 10:56:32,653 DEBUG [backend.app.services.bambu_mqtt] [-] [[SERIAL]] Found xcam inside print data: {'allow_skip_parts': False, 'buildplate_marker_detector': True, 'cfg': 1797559, 'first_layer_inspector': True, 'halt_print_sensitivity': 'medium', 'print_halt': True, 'printing_monitor': True, 'spaghetti_detector': True}
2026-07-25 10:56:32,654 DEBUG [backend.app.services.bambu_mqtt] [-] [[SERIAL]] Parsing xcam data - all fields: ['allow_skip_parts', 'buildplate_marker_detector', 'cfg', 'first_layer_inspector', 'halt_print_sensitivity', 'print_halt', 'printing_monitor', 'spaghetti_detector']
2026-07-25 10:56:32,654 DEBUG [backend.app.services.bambu_mqtt] [-] [[SERIAL]] xcam cfg bitmask: 1797559 (binary: 0b110110110110110110111)
2026-07-25 10:56:32,654 DEBUG [backend.app.services.bambu_mqtt] [-] [[SERIAL]] Received gcode_state: RUNNING, gcode_file: /data/Metadata/plate_5.gcode, subtask_name: Golf+ball+dispenser+pro_OPTIONAL_adjustable_legs
2026-07-25 10:56:32,654 DEBUG [backend.app.services.bambu_mqtt] [-] [[SERIAL]] ams_extruder_map: {'0': 0}
2026-07-25 10:56:32,655 DEBUG [backend.app.services.bambu_mqtt] [-] [[SERIAL]] Received command response: push_status
2026-07-25 10:56:32,655 DEBUG [backend.app.services.bambu_mqtt] [-] [[SERIAL]] HMS data received: []
2026-07-25 10:56:32,656 DEBUG [backend.app.services.bambu_mqtt] [-] [[SERIAL]] Timelapse detected during print (from ipcam)
2026-07-25 10:56:32,656 DEBUG [backend.app.services.bambu_mqtt] [-] [[SERIAL]] lights_report: [{'mode': 'on', 'node': 'chamber_light'}, {'mode': 'flashing', 'node': 'work_light'}, {'mode': 'on', 'node': 'chamber_light2'}]
2026-07-25 10:56:32,656 DEBUG [backend.app.services.bambu_mqtt] [-] [[SERIAL]] MQTT mapping field: [65535, 65535, 65535, 1]
2026-07-25 10:56:32,656 DEBUG [backend.app.services.bambu_mqtt] [-] [[SERIAL]] gcode_state: RUNNING -> RUNNING, file: /data/Metadata/plate_5.gcode, subtask: Golf+ball+dispenser+pro_OPTIONAL_adjustable_legs
2026-07-25 10:56:33,915 DEBUG [backend.app.services.bambu_mqtt] [-] [[SERIAL]] Found xcam inside print data: {'allow_skip_parts': False, 'buildplate_marker_detector': True, 'cfg': 1797559, 'first_layer_inspector': True, 'halt_print_sensitivity': 'medium', 'print_halt': True, 'printing_monitor': True, 'spaghetti_detector': True}
2026-07-25 10:56:33,916 DEBUG [backend.app.services.bambu_mqtt] [-] [[SERIAL]] Parsing xcam data - all fields: ['allow_skip_parts', 'buildplate_marker_detector', 'cfg', 'first_layer_inspector', 'halt_print_sensitivity', 'print_halt', 'printing_monitor', 'spaghetti_detector']
2026-07-25 10:56:33,916 DEBUG [backend.app.services.bambu_mqtt] [-] [[SERIAL]] xcam cfg bitmask: 1797559 (binary: 0b110110110110110110111)
2026-07-25 10:56:33,916 DEBUG [backend.app.services.bambu_mqtt] [-] [[SERIAL]] Received gcode_state: RUNNING, gcode_file: /data/Metadata/plate_5.gcode, subtask_name: Golf+ball+dispenser+pro_OPTIONAL_adjustable_legs
2026-07-25 10:56:33,916 DEBUG [backend.app.services.bambu_mqtt] [-] [[SERIAL]] ams_extruder_map: {'0': 0}
2026-07-25 10:56:33,917 DEBUG [backend.app.services.bambu_mqtt] [-] [[SERIAL]] Received command response: push_status
2026-07-25 10:56:33,917 DEBUG [backend.app.services.bambu_mqtt] [-] [[SERIAL]] HMS data received: []
2026-07-25 10:56:33,918 DEBUG [backend.app.services.bambu_mqtt] [-] [[SERIAL]] Timelapse detected during print (from ipcam)
2026-07-25 10:56:33,918 DEBUG [backend.app.services.bambu_mqtt] [-] [[SERIAL]] lights_report: [{'mode': 'on', 'node': 'chamber_light'}, {'mode': 'flashing', 'node': 'work_light'}, {'mode': 'on', 'node': 'chamber_light2'}]
2026-07-25 10:56:33,918 DEBUG [backend.app.services.bambu_mqtt] [-] [[SERIAL]] MQTT mapping field: [65535, 65535, 65535, 1]
2026-07-25 10:56:33,919 DEBUG [backend.app.services.bambu_mqtt] [-] [[SERIAL]] gcode_state: RUNNING -> RUNNING, file: /data/Metadata/plate_5.gcode, subtask: Golf+ball+dispenser+pro_OPTIONAL_adjustable_legs
2026-07-25 10:56:35,058 DEBUG [backend.app.services.bambu_mqtt] [-] [[SERIAL]] Found xcam inside print data: {'allow_skip_parts': False, 'buildplate_marker_detector': True, 'cfg': 1797559, 'first_layer_inspector': True, 'halt_print_sensitivity': 'medium', 'print_halt': True, 'printing_monitor': True, 'spaghetti_detector': True}
2026-07-25 10:56:35,058 DEBUG [backend.app.services.bambu_mqtt] [-] [[SERIAL]] Parsing xcam data - all fields: ['allow_skip_parts', 'buildplate_marker_detector', 'cfg', 'first_layer_inspector', 'halt_print_sensitivity', 'print_halt', 'printing_monitor', 'spaghetti_detector']
2026-07-25 10:56:35,058 DEBUG [backend.app.services.bambu_mqtt] [-] [[SERIAL]] xcam cfg bitmask: 1797559 (binary: 0b110110110110110110111)
2026-07-25 10:56:35,059 DEBUG [backend.app.services.bambu_mqtt] [-] [[SERIAL]] Received gcode_state: RUNNING, gcode_file: /data/Metadata/plate_5.gcode, subtask_name: Golf+ball+dispenser+pro_OPTIONAL_adjustable_legs
2026-07-25 10:56:35,059 DEBUG [backend.app.services.bambu_mqtt] [-] [[SERIAL]] ams_extruder_map: {'0': 0}
2026-07-25 10:56:35,059 DEBUG [backend.app.services.bambu_mqtt] [-] [[SERIAL]] Received command response: push_status
2026-07-25 10:56:35,060 DEBUG [backend.app.services.bambu_mqtt] [-] [[SERIAL]] HMS data received: []
2026-07-25 10:56:35,060 DEBUG [backend.app.services.bambu_mqtt] [-] [[SERIAL]] Timelapse detected during print (from ipcam)
2026-07-25 10:56:35,060 DEBUG [backend.app.services.bambu_mqtt] [-] [[SERIAL]] lights_report: [{'mode': 'on', 'node': 'chamber_light'}, {'mode': 'flashing', 'node': 'work_light'}, {'mode': 'on', 'node': 'chamber_light2'}]
2026-07-25 10:56:35,061 DEBUG [backend.app.services.bambu_mqtt] [-] [[SERIAL]] MQTT mapping field: [65535, 65535, 65535, 1]
2026-07-25 10:56:35,061 DEBUG [backend.app.services.bambu_mqtt] [-] [[SERIAL]] gcode_state: RUNNING -> RUNNING, file: /data/Metadata/plate_5.gcode, subtask: Golf+ball+dispenser+pro_OPTIONAL_adjustable_legs
2026-07-25 10:56:36,434 DEBUG [backend.app.services.bambu_mqtt] [-] [[SERIAL]] Found xcam inside print data: {'allow_skip_parts': False, 'buildplate_marker_detector': True, 'cfg': 1797559, 'first_layer_inspector': True, 'halt_print_sensitivity': 'medium', 'print_halt': True, 'printing_monitor': True, 'spaghetti_detector': True}
2026-07-25 10:56:36,435 DEBUG [backend.app.services.bambu_mqtt] [-] [[SERIAL]] Parsing xcam data - all fields: ['allow_skip_parts', 'buildplate_marker_detector', 'cfg', 'first_layer_inspector', 'halt_print_sensitivity', 'print_halt', 'printing_monitor', 'spaghetti_detector']
2026-07-25 10:56:36,435 DEBUG [backend.app.services.bambu_mqtt] [-] [[SERIAL]] xcam cfg bitmask: 1797559 (binary: 0b110110110110110110111)
2026-07-25 10:56:36,435 DEBUG [backend.app.services.bambu_mqtt] [-] [[SERIAL]] Received gcode_state: RUNNING, gcode_file: /data/Metadata/plate_5.gcode, subtask_name: Golf+ball+dispenser+pro_OPTIONAL_adjustable_legs
2026-07-25 10:56:36,435 DEBUG [backend.app.services.bambu_mqtt] [-] [[SERIAL]] ams_extruder_map: {'0': 0}
2026-07-25 10:56:36,436 DEBUG [backend.app.services.bambu_mqtt] [-] [[SERIAL]] Received command response: push_status
2026-07-25 10:56:36,436 DEBUG [backend.app.services.bambu_mqtt] [-] [[SERIAL]] HMS data received: []
2026-07-25 10:56:36,437 DEBUG [backend.app.services.bambu_mqtt] [-] [[SERIAL]] Timelapse detected during print (from ipcam)
2026-07-25 10:56:36,437 DEBUG [backend.app.services.bambu_mqtt] [-] [[SERIAL]] lights_report: [{'mode': 'on', 'node': 'chamber_light'}, {'mode': 'flashing', 'node': 'work_light'}, {'mode': 'on', 'node': 'chamber_light2'}]
2026-07-25 10:56:36,437 DEBUG [backend.app.services.bambu_mqtt] [-] [[SERIAL]] MQTT mapping field: [65535, 65535, 65535, 1]
2026-07-25 10:56:36,437 DEBUG [backend.app.services.bambu_mqtt] [-] [[SERIAL]] gcode_state: RUNNING -> RUNNING, file: /data/Metadata/plate_5.gcode, subtask: Golf+ball+dispenser+pro_OPTIONAL_adjustable_legs
2026-07-25 10:56:37,514 DEBUG [backend.app.services.bambu_mqtt] [-] [[SERIAL]] Found xcam inside print data: {'allow_skip_parts': False, 'buildplate_marker_detector': True, 'cfg': 1797559, 'first_layer_inspector': True, 'halt_print_sensitivity': 'medium', 'print_halt': True, 'printing_monitor': True, 'spaghetti_detector': True}
2026-07-25 10:56:37,514 DEBUG [backend.app.services.bambu_mqtt] [-] [[SERIAL]] Parsing xcam data - all fields: ['allow_skip_parts', 'buildplate_marker_detector', 'cfg', 'first_layer_inspector', 'halt_print_sensitivity', 'print_halt', 'printing_monitor', 'spaghetti_detector']
2026-07-25 10:56:37,514 DEBUG [backend.app.services.bambu_mqtt] [-] [[SERIAL]] xcam cfg bitmask: 1797559 (binary: 0b110110110110110110111)
2026-07-25 10:56:37,514 DEBUG [backend.app.services.bambu_mqtt] [-] [[SERIAL]] Received gcode_state: RUNNING, gcode_file: /data/Metadata/plate_5.gcode, subtask_name: Golf+ball+dispenser+pro_OPTIONAL_adjustable_legs
2026-07-25 10:56:37,515 DEBUG [backend.app.services.bambu_mqtt] [-] [[SERIAL]] ams_extruder_map: {'0': 0}
2026-07-25 10:56:37,515 DEBUG [backend.app.services.bambu_mqtt] [-] [[SERIAL]] Received command response: push_status
2026-07-25 10:56:37,515 DEBUG [backend.app.services.bambu_mqtt] [-] [[SERIAL]] HMS data received: []
2026-07-25 10:56:37,516 DEBUG [backend.app.services.bambu_mqtt] [-] [[SERIAL]] Timelapse detected during print (from ipcam)
2026-07-25 10:56:37,516 DEBUG [backend.app.services.bambu_mqtt] [-] [[SERIAL]] lights_report: [{'mode': 'on', 'node': 'chamber_light'}, {'mode': 'flashing', 'node': 'work_light'}, {'mode': 'on', 'node': 'chamber_light2'}]
2026-07-25 10:56:37,516 DEBUG [backend.app.services.bambu_mqtt] [-] [[SERIAL]] MQTT mapping field: [65535, 65535, 65535, 1]
2026-07-25 10:56:37,517 DEBUG [backend.app.services.bambu_mqtt] [-] [[SERIAL]] gcode_state: RUNNING -> RUNNING, file: /data/Metadata/plate_5.gcode, subtask: Golf+ball+dispenser+pro_OPTIONAL_adjustable_legs
2026-07-25 10:56:38,754 DEBUG [backend.app.services.bambu_mqtt] [-] [[SERIAL]] Found xcam inside print data: {'allow_skip_parts': False, 'buildplate_marker_detector': True, 'cfg': 1797559, 'first_layer_inspector': True, 'halt_print_sensitivity': 'medium', 'print_halt': True, 'printing_monitor': True, 'spaghetti_detector': True}
2026-07-25 10:56:38,754 DEBUG [backend.app.services.bambu_mqtt] [-] [[SERIAL]] Parsing xcam data - all fields: ['allow_skip_parts', 'buildplate_marker_detector', 'cfg', 'first_layer_inspector', 'halt_print_sensitivity', 'print_halt', 'printing_monitor', 'spaghetti_detector']
2026-07-25 10:56:38,754 DEBUG [backend.app.services.bambu_mqtt] [-] [[SERIAL]] xcam cfg bitmask: 1797559 (binary: 0b110110110110110110111)
2026-07-25 10:56:38,755 DEBUG [backend.app.services.bambu_mqtt] [-] [[SERIAL]] Received gcode_state: RUNNING, gcode_file: /data/Metadata/plate_5.gcode, subtask_name: Golf+ball+dispenser+pro_OPTIONAL_adjustable_legs
2026-07-25 10:56:38,755 DEBUG [backend.app.services.bambu_mqtt] [-] [[SERIAL]] ams_extruder_map: {'0': 0}
2026-07-25 10:56:38,755 DEBUG [backend.app.services.bambu_mqtt] [-] [[SERIAL]] Received command response: push_status
2026-07-25 10:56:38,756 DEBUG [backend.app.services.bambu_mqtt] [-] [[SERIAL]] HMS data received: []
2026-07-25 10:56:38,756 DEBUG [backend.app.services.bambu_mqtt] [-] [[SERIAL]] Timelapse detected during print (from ipcam)
2026-07-25 10:56:38,756 DEBUG [backend.app.services.bambu_mqtt] [-] [[SERIAL]] lights_report: [{'mode': 'on', 'node': 'chamber_light'}, {'mode': 'flashing', 'node': 'work_light'}, {'mode': 'on', 'node': 'chamber_light2'}]
2026-07-25 10:56:38,757 DEBUG [backend.app.services.bambu_mqtt] [-] [[SERIAL]] MQTT mapping field: [65535, 65535, 65535, 1]
2026-07-25 10:56:38,757 DEBUG [backend.app.services.bambu_mqtt] [-] [[SERIAL]] gcode_state: RUNNING -> RUNNING, file: /data/Metadata/plate_5.gcode, subtask: Golf+ball+dispenser+pro_OPTIONAL_adjustable_legs
2026-07-25 10:56:39,864 DEBUG [backend.app.services.bambu_mqtt] [-] [[SERIAL]] Found xcam inside print data: {'allow_skip_parts': False, 'buildplate_marker_detector': True, 'cfg': 1797559, 'first_layer_inspector': True, 'halt_print_sensitivity': 'medium', 'print_halt': True, 'printing_monitor': True, 'spaghetti_detector': True}
2026-07-25 10:56:39,865 DEBUG [backend.app.services.bambu_mqtt] [-] [[SERIAL]] Parsing xcam data - all fields: ['allow_skip_parts', 'buildplate_marker_detector', 'cfg', 'first_layer_inspector', 'halt_print_sensitivity', 'print_halt', 'printing_monitor', 'spaghetti_detector']
2026-07-25 10:56:39,865 DEBUG [backend.app.services.bambu_mqtt] [-] [[SERIAL]] xcam cfg bitmask: 1797559 (binary: 0b110110110110110110111)
2026-07-25 10:56:39,865 DEBUG [backend.app.services.bambu_mqtt] [-] [[SERIAL]] Received gcode_state: RUNNING, gcode_file: /data/Metadata/plate_5.gcode, subtask_name: Golf+ball+dispenser+pro_OPTIONAL_adjustable_legs
2026-07-25 10:56:39,866 DEBUG [backend.app.services.bambu_mqtt] [-] [[SERIAL]] ams_extruder_map: {'0': 0}
2026-07-25 10:56:39,866 DEBUG [backend.app.services.bambu_mqtt] [-] [[SERIAL]] Received command response: push_status
2026-07-25 10:56:39,866 DEBUG [backend.app.services.bambu_mqtt] [-] [[SERIAL]] HMS data received: []
2026-07-25 10:56:39,867 DEBUG [backend.app.services.bambu_mqtt] [-] [[SERIAL]] Timelapse detected during print (from ipcam)
2026-07-25 10:56:39,867 DEBUG [backend.app.services.bambu_mqtt] [-] [[SERIAL]] lights_report: [{'mode': 'on', 'node': 'chamber_light'}, {'mode': 'flashing', 'node': 'work_light'}, {'mode': 'on', 'node': 'chamber_light2'}]
2026-07-25 10:56:39,867 DEBUG [backend.app.services.bambu_mqtt] [-] [[SERIAL]] MQTT mapping field: [65535, 65535, 65535, 1]
2026-07-25 10:56:39,868 DEBUG [backend.app.services.bambu_mqtt] [-] [[SERIAL]] gcode_state: RUNNING -> RUNNING, file: /data/Metadata/plate_5.gcode, subtask: Golf+ball+dispenser+pro_OPTIONAL_adjustable_legs
2026-07-25 10:56:41,102 DEBUG [backend.app.services.bambu_mqtt] [-] [[SERIAL]] Found xcam inside print data: {'allow_skip_parts': False, 'buildplate_marker_detector': True, 'cfg': 1797559, 'first_layer_inspector': True, 'halt_print_sensitivity': 'medium', 'print_halt': True, 'printing_monitor': True, 'spaghetti_detector': True}
2026-07-25 10:56:41,102 DEBUG [backend.app.services.bambu_mqtt] [-] [[SERIAL]] Parsing xcam data - all fields: ['allow_skip_parts', 'buildplate_marker_detector', 'cfg', 'first_layer_inspector', 'halt_print_sensitivity', 'print_halt', 'printing_monitor', 'spaghetti_detector']
2026-07-25 10:56:41,102 DEBUG [backend.app.services.bambu_mqtt] [-] [[SERIAL]] xcam cfg bitmask: 1797559 (binary: 0b110110110110110110111)
2026-07-25 10:56:41,102 DEBUG [backend.app.services.bambu_mqtt] [-] [[SERIAL]] Received gcode_state: RUNNING, gcode_file: /data/Metadata/plate_5.gcode, subtask_name: Golf+ball+dispenser+pro_OPTIONAL_adjustable_legs
2026-07-25 10:56:41,103 DEBUG [backend.app.services.bambu_mqtt] [-] [[SERIAL]] ams_extruder_map: {'0': 0}
2026-07-25 10:56:41,103 DEBUG [backend.app.services.bambu_mqtt] [-] [[SERIAL]] Received command response: push_status
2026-07-25 10:56:41,103 DEBUG [backend.app.services.bambu_mqtt] [-] [[SERIAL]] HMS data received: []
2026-07-25 10:56:41,104 DEBUG [backend.app.services.bambu_mqtt] [-] [[SERIAL]] Timelapse detected during print (from ipcam)
2026-07-25 10:56:41,104 DEBUG [backend.app.services.bambu_mqtt] [-] [[SERIAL]] lights_report: [{'mode': 'on', 'node': 'chamber_light'}, {'mode': 'flashing', 'node': 'work_light'}, {'mode': 'on', 'node': 'chamber_light2'}]
2026-07-25 10:56:41,105 DEBUG [backend.app.services.bambu_mqtt] [-] [[SERIAL]] MQTT mapping field: [65535, 65535, 65535, 1]
2026-07-25 10:56:41,105 DEBUG [backend.app.services.bambu_mqtt] [-] [[SERIAL]] gcode_state: RUNNING -> RUNNING, file: /data/Metadata/plate_5.gcode, subtask: Golf+ball+dispenser+pro_OPTIONAL_adjustable_legs