2026-07-29 19:35:51,098 INFO [backend.app.main] [-] [SNAPSHOT] Capturing fresh frame for printer 2
2026-07-29 19:35:51,098 INFO [backend.app.services.camera] [-] Capturing camera frame bytes from [IP] using chamber image protocol (model: A1 Mini)
2026-07-29 19:35:54,194 INFO [backend.app.main] [-] [SNAPSHOT] Fresh camera frame: 159339 bytes
2026-07-29 19:36:17,566 INFO [backend.app.main] [-] [SNAPSHOT] Capturing fresh frame for printer 2
2026-07-29 19:36:17,566 INFO [backend.app.services.camera] [-] Capturing camera frame bytes from [IP] using chamber image protocol (model: A1 Mini)
2026-07-29 19:36:21,242 INFO [backend.app.main] [-] [SNAPSHOT] Fresh camera frame: 145326 bytes
2026-07-29 19:36:49,768 INFO [backend.app.api.routes.support] [fb5b8dc4] Log level changed to DEBUG
2026-07-29 19:36:49,768 INFO [backend.app.api.routes.bug_report] [fb5b8dc4] Bug report: enabled debug logging
2026-07-29 19:36:49,769 DEBUG [backend.app.services.bambu_mqtt] [fb5b8dc4] [[SERIAL]] Requesting status update (pushall)
2026-07-29 19:36:49,769 DEBUG [backend.app.services.bambu_mqtt] [fb5b8dc4] [[SERIAL]] Requesting status update (pushall)
2026-07-29 19:36:49,770 DEBUG [backend.app.services.bambu_mqtt] [fb5b8dc4] [[SERIAL]] Requesting status update (pushall)
2026-07-29 19:36:49,772 INFO [uvicorn.access] [-] [IP]:35686 - "POST /api/v1/bug-report/start-logging HTTP/1.1" 200
2026-07-29 19:36:49,825 DEBUG [backend.app.services.bambu_mqtt] [-] [[SERIAL]] Found xcam inside print data: {'buildplate_marker_detector': True}
2026-07-29 19:36:49,826 DEBUG [backend.app.services.bambu_mqtt] [-] [[SERIAL]] Parsing xcam data - all fields: ['buildplate_marker_detector']
2026-07-29 19:36:49,826 DEBUG [backend.app.services.bambu_mqtt] [-] [[SERIAL]] Received gcode_state: FINISH, gcode_file: , subtask_name: 6x_3.5-shade.gcode.3mf
2026-07-29 19:36:49,827 DEBUG [backend.app.services.bambu_mqtt] [-] [[SERIAL]] AMS dict fields: {'ams_exist_bits': '1', 'tray_exist_bits': '6', 'tray_is_bbl_bits': '6', 'tray_tar': '255', 'tray_now': '255', 'tray_pre': '255', 'tray_read_done_bits': '6', 'tray_reading_bits': '0', 'version': 17, 'insert_flag': False, 'power_on_flag': False}
2026-07-29 19:36:49,827 DEBUG [backend.app.services.bambu_mqtt] [-] [[SERIAL]] tray_now updated: 255
2026-07-29 19:36:49,828 DEBUG [backend.app.services.bambu_mqtt] [-] [[SERIAL]] Merged AMS data: 1 new units, 1 total
2026-07-29 19:36:49,828 DEBUG [backend.app.services.bambu_mqtt] [-] [[SERIAL]] AMS 0 info=0x2003 -> extruder 0
2026-07-29 19:36:49,829 DEBUG [backend.app.services.bambu_mqtt] [-] [[SERIAL]] ams_extruder_map: {'0': 0}
2026-07-29 19:36:49,829 DEBUG [backend.app.services.bambu_mqtt] [-] [[SERIAL]] ams_status: 0 (main=0, sub=0)
2026-07-29 19:36:49,829 DEBUG [backend.app.services.bambu_mqtt] [-] [[SERIAL]] Received command response: push_status
2026-07-29 19:36:49,830 DEBUG [backend.app.services.bambu_mqtt] [-] [[SERIAL]] chamber_temper raw value: 5.0
2026-07-29 19:36:49,830 DEBUG [backend.app.services.bambu_mqtt] [-] [[SERIAL]] chamber_temper direct value: 5.0°C (heater OFF)
2026-07-29 19:36:49,830 DEBUG [backend.app.services.bambu_mqtt] [-] [[SERIAL]] Chamber heating calculated: target=0.0, current=5.0, heating=False, respect_local=False
2026-07-29 19:36:49,830 DEBUG [backend.app.services.bambu_mqtt] [-] [[SERIAL]] Chamber temp updated to: 5.0, target: 0.0, heating: False
2026-07-29 19:36:49,831 DEBUG [backend.app.services.bambu_mqtt] [-] [[SERIAL]] HMS data received: []
2026-07-29 19:36:49,831 DEBUG [backend.app.services.bambu_mqtt] [-] [[SERIAL]] ipcam field: {'ipcam_dev': '1', 'ipcam_record': 'disable', 'timelapse': 'disable', 'resolution': '1080p', 'tutk_server': 'disable', 'mode_bits': 3}
2026-07-29 19:36:49,831 DEBUG [backend.app.services.bambu_mqtt] [-] [[SERIAL]] wifi_signal received: -23dBm
2026-07-29 19:36:49,831 DEBUG [backend.app.services.bambu_mqtt] [-] [[SERIAL]] lights_report: [{'node': 'chamber_light', 'mode': 'on'}]
2026-07-29 19:36:49,831 DEBUG [backend.app.services.bambu_mqtt] [-] [[SERIAL]] gcode_state: FINISH -> FINISH, file: , subtask: 6x_3.5-shade.gcode.3mf
2026-07-29 19:36:49,856 DEBUG [backend.app.services.bambu_mqtt] [-] [[SERIAL]] Found xcam inside print data: {'buildplate_marker_detector': True}
2026-07-29 19:36:49,857 DEBUG [backend.app.services.bambu_mqtt] [-] [[SERIAL]] Parsing xcam data - all fields: ['buildplate_marker_detector']
2026-07-29 19:36:49,857 DEBUG [backend.app.services.bambu_mqtt] [-] [[SERIAL]] Received gcode_state: RUNNING, gcode_file: 6x_RecPro_4.5.3mf, subtask_name: 6x_RecPro_4.5
2026-07-29 19:36:49,857 DEBUG [backend.app.services.bambu_mqtt] [-] [[SERIAL]] AMS dict fields: {'ams_exist_bits': '1', 'tray_exist_bits': 'f', 'tray_is_bbl_bits': 'f', 'tray_tar': '3', 'tray_now': '3', 'tray_pre': '3', 'tray_read_done_bits': 'f', 'tray_reading_bits': '0', 'version': 256, 'insert_flag': False, 'power_on_flag': False}
2026-07-29 19:36:49,857 DEBUG [backend.app.services.bambu_mqtt] [-] [[SERIAL]] tray_now updated: 3
2026-07-29 19:36:49,857 DEBUG [backend.app.services.bambu_mqtt] [-] [[SERIAL]] Merged AMS data: 1 new units, 1 total
2026-07-29 19:36:49,858 DEBUG [backend.app.services.bambu_mqtt] [-] [[SERIAL]] AMS 0 info=0x1003 -> extruder 0
2026-07-29 19:36:49,858 DEBUG [backend.app.services.bambu_mqtt] [-] [[SERIAL]] ams_extruder_map: {'0': 0}
2026-07-29 19:36:49,858 DEBUG [backend.app.services.bambu_mqtt] [-] [[SERIAL]] ams_status: 768 (main=3, sub=0)
2026-07-29 19:36:49,858 DEBUG [backend.app.services.bambu_mqtt] [-] [[SERIAL]] Received command response: push_status
2026-07-29 19:36:49,858 DEBUG [backend.app.services.bambu_mqtt] [-] [[SERIAL]] chamber_temper raw value: 5.0
2026-07-29 19:36:49,859 DEBUG [backend.app.services.bambu_mqtt] [-] [[SERIAL]] chamber_temper direct value: 5.0°C (heater OFF)
2026-07-29 19:36:49,859 DEBUG [backend.app.services.bambu_mqtt] [-] [[SERIAL]] Chamber heating calculated: target=0.0, current=5.0, heating=False, respect_local=False
2026-07-29 19:36:49,859 DEBUG [backend.app.services.bambu_mqtt] [-] [[SERIAL]] Chamber temp updated to: 5.0, target: 0.0, heating: False
2026-07-29 19:36:49,859 DEBUG [backend.app.services.bambu_mqtt] [-] [[SERIAL]] HMS data received: []
2026-07-29 19:36:49,859 DEBUG [backend.app.services.bambu_mqtt] [-] [[SERIAL]] ipcam field: {'ipcam_dev': '1', 'ipcam_record': 'enable', 'timelapse': 'disable', 'resolution': '1080p', 'tutk_server': 'disable', 'mode_bits': 3}
2026-07-29 19:36:49,859 DEBUG [backend.app.services.bambu_mqtt] [-] [[SERIAL]] wifi_signal received: -39dBm
2026-07-29 19:36:49,859 DEBUG [backend.app.services.bambu_mqtt] [-] [[SERIAL]] lights_report: [{'node': 'chamber_light', 'mode': 'off'}]
2026-07-29 19:36:49,859 DEBUG [backend.app.services.bambu_mqtt] [-] [[SERIAL]] gcode_state: RUNNING -> RUNNING, file: 6x_RecPro_4.5.3mf, subtask: 6x_RecPro_4.5
2026-07-29 19:36:49,862 INFO [backend.app.main] [-] [SNAPSHOT] Capturing fresh frame for printer 2
2026-07-29 19:36:49,862 INFO [backend.app.services.camera] [-] Capturing camera frame bytes from [IP] using chamber image protocol (model: A1 Mini)
2026-07-29 19:36:49,907 DEBUG [backend.app.main] [-] [[PRINTER]] Runtime tracking: added 30s, total=870s (0.24h)
2026-07-29 19:36:49,910 DEBUG [backend.app.main] [-] [[PRINTER]] Runtime tracking: added 30s, total=11910s (3.31h)
2026-07-29 19:36:49,913 DEBUG [backend.app.main] [-] Updated runtime for 2 printer(s)
2026-07-29 19:36:50,327 DEBUG [backend.app.services.bambu_mqtt] [-] [[SERIAL]] Found xcam inside print data: {'allow_skip_parts': False, 'buildplate_marker_detector': True, 'first_layer_inspector': False, 'halt_print_sensitivity': 'medium', 'print_halt': True, 'printing_monitor': True, 'spaghetti_detector': True}
2026-07-29 19:36:50,327 DEBUG [backend.app.services.bambu_mqtt] [-] [[SERIAL]] Parsing xcam data - all fields: ['allow_skip_parts', 'buildplate_marker_detector', 'first_layer_inspector', 'halt_print_sensitivity', 'print_halt', 'printing_monitor', 'spaghetti_detector']
2026-07-29 19:36:50,328 DEBUG [backend.app.services.bambu_mqtt] [-] [[SERIAL]] Received gcode_state: RUNNING, gcode_file: /data/Metadata/plate_1.gcode, subtask_name: 2in_Hitch_Ball_Cover__V4
2026-07-29 19:36:50,328 DEBUG [backend.app.services.bambu_mqtt] [-] [[SERIAL]] AMS dict fields: {'ams_exist_bits': '1', 'ams_exist_bits_raw': '1', 'cali_id': 0, 'cali_stat': 0, 'insert_flag': False, 'power_on_flag': False, 'tray_exist_bits': 'f', 'tray_is_bbl_bits': 'f', 'tray_now': '3', 'tray_pre': '3', 'tray_read_done_bits': 'f', 'tray_reading_bits': '0', 'tray_tar': '3', 'unbind_ams_stat': 0, 'version': 660817}
2026-07-29 19:36:50,328 DEBUG [backend.app.services.bambu_mqtt] [-] [[SERIAL]] tray_now updated: 3
2026-07-29 19:36:50,329 DEBUG [backend.app.services.bambu_mqtt] [-] [[SERIAL]] Merged AMS data: 1 new units, 1 total
2026-07-29 19:36:50,329 DEBUG [backend.app.services.bambu_mqtt] [-] [[SERIAL]] AMS 0 info=0x2003 -> extruder 0
2026-07-29 19:36:50,329 DEBUG [backend.app.services.bambu_mqtt] [-] [[SERIAL]] ams_extruder_map: {'0': 0}
2026-07-29 19:36:50,330 DEBUG [backend.app.services.bambu_mqtt] [-] [[SERIAL]] ams_status: 768 (main=3, sub=0)
2026-07-29 19:36:50,330 DEBUG [backend.app.services.bambu_mqtt] [-] [[SERIAL]] Received command response: push_status
2026-07-29 19:36:50,330 DEBUG [backend.app.services.bambu_mqtt] [-] [[SERIAL]] device.extruder.state=1 (switch_state bits 12-14: 0)
2026-07-29 19:36:50,330 DEBUG [backend.app.services.bambu_mqtt] [-] [[SERIAL]] info.temp direct: 29°C (heater OFF)
2026-07-29 19:36:50,331 DEBUG [backend.app.services.bambu_mqtt] [-] [[SERIAL]] ctc_info keys: ['temp']
2026-07-29 19:36:50,331 DEBUG [backend.app.services.bambu_mqtt] [-] [[SERIAL]] Chamber heating calculated: target=0.0, current=29.0, heating=False, respect_local=False
2026-07-29 19:36:50,331 DEBUG [backend.app.services.bambu_mqtt] [-] [[SERIAL]] Chamber temp updated to: 29.0, target: 0.0, heating: False
2026-07-29 19:36:50,331 DEBUG [backend.app.services.bambu_mqtt] [-] [[SERIAL]] HMS data received: []
2026-07-29 19:36:50,331 DEBUG [backend.app.services.bambu_mqtt] [-] [[SERIAL]] ipcam field: {'agora_service': 'disable', 'brtc_service': 'enable', 'bs_state': 0, 'ipcam_dev': '1', 'ipcam_record': 'enable', 'laser_preview_res': 7, 'mode_bits': 2, 'resolution': '1080p', 'rtsp_url': 'rtsps://[IP]:322/streaming/live/1', 'timelapse': 'disable', 'tl_store_hpd_type': 2, 'tl_store_path_type': 2, 'tutk_server': 'disable'}
2026-07-29 19:36:50,332 DEBUG [backend.app.services.bambu_mqtt] [-] [[SERIAL]] wifi_signal received: -18dBm
2026-07-29 19:36:50,332 DEBUG [backend.app.services.bambu_mqtt] [-] [[SERIAL]] lights_report: [{'mode': 'on', 'node': 'chamber_light'}, {'mode': 'flashing', 'node': 'work_light'}]
2026-07-29 19:36:50,332 DEBUG [backend.app.services.bambu_mqtt] [-] [[SERIAL]] MQTT mapping field: [3]
2026-07-29 19:36:50,332 DEBUG [backend.app.services.bambu_mqtt] [-] [[SERIAL]] gcode_state: RUNNING -> RUNNING, file: /data/Metadata/plate_1.gcode, subtask: 2in_Hitch_Ball_Cover__V4
2026-07-29 19:36:51,421 DEBUG [backend.app.services.bambu_mqtt] [-] [[SERIAL]] Found xcam inside print data: {'allow_skip_parts': False, 'buildplate_marker_detector': True, 'first_layer_inspector': False, 'halt_print_sensitivity': 'medium', 'print_halt': True, 'printing_monitor': True, 'spaghetti_detector': True}
2026-07-29 19:36:51,421 DEBUG [backend.app.services.bambu_mqtt] [-] [[SERIAL]] Parsing xcam data - all fields: ['allow_skip_parts', 'buildplate_marker_detector', 'first_layer_inspector', 'halt_print_sensitivity', 'print_halt', 'printing_monitor', 'spaghetti_detector']
2026-07-29 19:36:51,422 DEBUG [backend.app.services.bambu_mqtt] [-] [[SERIAL]] Received gcode_state: RUNNING, gcode_file: /data/Metadata/plate_1.gcode, subtask_name: 2in_Hitch_Ball_Cover__V4
2026-07-29 19:36:51,422 DEBUG [backend.app.services.bambu_mqtt] [-] [[SERIAL]] AMS dict fields: {'ams_exist_bits': '1', 'ams_exist_bits_raw': '1', 'cali_id': 0, 'cali_stat': 0, 'insert_flag': False, 'power_on_flag': False, 'tray_exist_bits': 'f', 'tray_is_bbl_bits': 'f', 'tray_now': '3', 'tray_pre': '3', 'tray_read_done_bits': 'f', 'tray_reading_bits': '0', 'tray_tar': '3', 'unbind_ams_stat': 0, 'version': 660819}
2026-07-29 19:36:51,423 DEBUG [backend.app.services.bambu_mqtt] [-] [[SERIAL]] ams_extruder_map: {'0': 0}
2026-07-29 19:36:51,423 DEBUG [backend.app.services.bambu_mqtt] [-] [[SERIAL]] Received command response: push_status
2026-07-29 19:36:51,424 DEBUG [backend.app.services.bambu_mqtt] [-] [[SERIAL]] HMS data received: []
2026-07-29 19:36:51,424 DEBUG [backend.app.services.bambu_mqtt] [-] [[SERIAL]] lights_report: [{'mode': 'on', 'node': 'chamber_light'}, {'mode': 'flashing', 'node': 'work_light'}]
2026-07-29 19:36:51,424 DEBUG [backend.app.services.bambu_mqtt] [-] [[SERIAL]] MQTT mapping field: [3]
2026-07-29 19:36:51,424 DEBUG [backend.app.services.bambu_mqtt] [-] [[SERIAL]] gcode_state: RUNNING -> RUNNING, file: /data/Metadata/plate_1.gcode, subtask: 2in_Hitch_Ball_Cover__V4
2026-07-29 19:36:51,915 DEBUG [backend.app.services.bambu_mqtt] [-] [[SERIAL]] Received command response: push_status
2026-07-29 19:36:51,916 DEBUG [backend.app.services.bambu_mqtt] [-] [[SERIAL]] wifi_signal received: -36dBm
2026-07-29 19:36:52,087 DEBUG [backend.app.services.camera] [-] Chamber image: received 144875 bytes
2026-07-29 19:36:52,101 INFO [backend.app.main] [-] [SNAPSHOT] Fresh camera frame: 144875 bytes
2026-07-29 19:36:52,102 DEBUG [backend.app.main] [-] [FINISH-PHOTO-BANK] banked in-print frame for printer 2 at layer 25/300 (144875 bytes)
2026-07-29 19:36:52,498 DEBUG [backend.app.services.bambu_mqtt] [-] [[SERIAL]] Found xcam inside print data: {'allow_skip_parts': False, 'buildplate_marker_detector': True, 'first_layer_inspector': False, 'halt_print_sensitivity': 'medium', 'print_halt': True, 'printing_monitor': True, 'spaghetti_detector': True}
2026-07-29 19:36:52,498 DEBUG [backend.app.services.bambu_mqtt] [-] [[SERIAL]] Parsing xcam data - all fields: ['allow_skip_parts', 'buildplate_marker_detector', 'first_layer_inspector', 'halt_print_sensitivity', 'print_halt', 'printing_monitor', 'spaghetti_detector']
2026-07-29 19:36:52,499 DEBUG [backend.app.services.bambu_mqtt] [-] [[SERIAL]] Received gcode_state: RUNNING, gcode_file: /data/Metadata/plate_1.gcode, subtask_name: 2in_Hitch_Ball_Cover__V4
2026-07-29 19:36:52,499 DEBUG [backend.app.services.bambu_mqtt] [-] [[SERIAL]] ams_extruder_map: {'0': 0}
2026-07-29 19:36:52,500 DEBUG [backend.app.services.bambu_mqtt] [-] [[SERIAL]] Received command response: push_status
2026-07-29 19:36:52,501 DEBUG [backend.app.services.bambu_mqtt] [-] [[SERIAL]] HMS data received: []
2026-07-29 19:36:52,501 DEBUG [backend.app.services.bambu_mqtt] [-] [[SERIAL]] lights_report: [{'mode': 'on', 'node': 'chamber_light'}, {'mode': 'flashing', 'node': 'work_light'}]
2026-07-29 19:36:52,502 DEBUG [backend.app.services.bambu_mqtt] [-] [[SERIAL]] MQTT mapping field: [3]
2026-07-29 19:36:52,503 DEBUG [backend.app.services.bambu_mqtt] [-] [[SERIAL]] gcode_state: RUNNING -> RUNNING, file: /data/Metadata/plate_1.gcode, subtask: 2in_Hitch_Ball_Cover__V4
2026-07-29 19:36:52,740 DEBUG [backend.app.api.routes.printers] [9b29ab30] API returning ams_mapping: [], ams_extruder_map: {'0': 0}
2026-07-29 19:36:52,741 DEBUG [backend.app.api.routes.printers] [9b29ab30] Using tray_now directly as global ID: 3
2026-07-29 19:36:53,601 DEBUG [backend.app.services.bambu_mqtt] [-] [[SERIAL]] Found xcam inside print data: {'allow_skip_parts': False, 'buildplate_marker_detector': True, 'first_layer_inspector': False, 'halt_print_sensitivity': 'medium', 'print_halt': True, 'printing_monitor': True, 'spaghetti_detector': True}
2026-07-29 19:36:53,601 DEBUG [backend.app.services.bambu_mqtt] [-] [[SERIAL]] Parsing xcam data - all fields: ['allow_skip_parts', 'buildplate_marker_detector', 'first_layer_inspector', 'halt_print_sensitivity', 'print_halt', 'printing_monitor', 'spaghetti_detector']
2026-07-29 19:36:53,602 DEBUG [backend.app.services.bambu_mqtt] [-] [[SERIAL]] Received gcode_state: RUNNING, gcode_file: /data/Metadata/plate_1.gcode, subtask_name: 2in_Hitch_Ball_Cover__V4
2026-07-29 19:36:53,602 DEBUG [backend.app.services.bambu_mqtt] [-] [[SERIAL]] ams_extruder_map: {'0': 0}
2026-07-29 19:36:53,603 DEBUG [backend.app.services.bambu_mqtt] [-] [[SERIAL]] Received command response: push_status
2026-07-29 19:36:53,604 DEBUG [backend.app.services.bambu_mqtt] [-] [[SERIAL]] HMS data received: []
2026-07-29 19:36:53,604 DEBUG [backend.app.services.bambu_mqtt] [-] [[SERIAL]] lights_report: [{'mode': 'on', 'node': 'chamber_light'}, {'mode': 'flashing', 'node': 'work_light'}]
2026-07-29 19:36:53,605 DEBUG [backend.app.services.bambu_mqtt] [-] [[SERIAL]] MQTT mapping field: [3]
2026-07-29 19:36:53,606 DEBUG [backend.app.services.bambu_mqtt] [-] [[SERIAL]] gcode_state: RUNNING -> RUNNING, file: /data/Metadata/plate_1.gcode, subtask: 2in_Hitch_Ball_Cover__V4
2026-07-29 19:36:53,890 DEBUG [backend.app.services.bambu_mqtt] [-] [[SERIAL]] ams_extruder_map: {'0': 0}
2026-07-29 19:36:53,891 DEBUG [backend.app.services.bambu_mqtt] [-] [[SERIAL]] Received command response: push_status
2026-07-29 19:36:53,891 DEBUG [backend.app.services.bambu_mqtt] [-] [[SERIAL]] wifi_signal received: -21dBm
2026-07-29 19:36:53,966 DEBUG [backend.app.services.bambu_mqtt] [-] [[SERIAL]] Received command response: push_status
2026-07-29 19:36:53,966 DEBUG [backend.app.services.bambu_mqtt] [-] [[SERIAL]] wifi_signal received: -40dBm
2026-07-29 19:36:54,747 DEBUG [backend.app.services.bambu_mqtt] [-] [[SERIAL]] Found xcam inside print data: {'allow_skip_parts': False, 'buildplate_marker_detector': True, 'first_layer_inspector': False, 'halt_print_sensitivity': 'medium', 'print_halt': True, 'printing_monitor': True, 'spaghetti_detector': True}
2026-07-29 19:36:54,748 DEBUG [backend.app.services.bambu_mqtt] [-] [[SERIAL]] Parsing xcam data - all fields: ['allow_skip_parts', 'buildplate_marker_detector', 'first_layer_inspector', 'halt_print_sensitivity', 'print_halt', 'printing_monitor', 'spaghetti_detector']
2026-07-29 19:36:54,748 DEBUG [backend.app.services.bambu_mqtt] [-] [[SERIAL]] Received gcode_state: RUNNING, gcode_file: /data/Metadata/plate_1.gcode, subtask_name: 2in_Hitch_Ball_Cover__V4
2026-07-29 19:36:54,749 DEBUG [backend.app.services.bambu_mqtt] [-] [[SERIAL]] ams_extruder_map: {'0': 0}
2026-07-29 19:36:54,749 DEBUG [backend.app.services.bambu_mqtt] [-] [[SERIAL]] Received command response: push_status
2026-07-29 19:36:54,750 DEBUG [backend.app.services.bambu_mqtt] [-] [[SERIAL]] HMS data received: []
2026-07-29 19:36:54,751 DEBUG [backend.app.services.bambu_mqtt] [-] [[SERIAL]] lights_report: [{'mode': 'on', 'node': 'chamber_light'}, {'mode': 'flashing', 'node': 'work_light'}]
2026-07-29 19:36:54,752 DEBUG [backend.app.services.bambu_mqtt] [-] [[SERIAL]] MQTT mapping field: [3]
2026-07-29 19:36:54,752 DEBUG [backend.app.services.bambu_mqtt] [-] [[SERIAL]] gcode_state: RUNNING -> RUNNING, file: /data/Metadata/plate_1.gcode, subtask: 2in_Hitch_Ball_Cover__V4
2026-07-29 19:36:55,872 DEBUG [backend.app.services.bambu_mqtt] [-] [[SERIAL]] Found xcam inside print data: {'allow_skip_parts': False, 'buildplate_marker_detector': True, 'first_layer_inspector': False, 'halt_print_sensitivity': 'medium', 'print_halt': True, 'printing_monitor': True, 'spaghetti_detector': True}
2026-07-29 19:36:55,872 DEBUG [backend.app.services.bambu_mqtt] [-] [[SERIAL]] Parsing xcam data - all fields: ['allow_skip_parts', 'buildplate_marker_detector', 'first_layer_inspector', 'halt_print_sensitivity', 'print_halt', 'printing_monitor', 'spaghetti_detector']
2026-07-29 19:36:55,872 DEBUG [backend.app.services.bambu_mqtt] [-] [[SERIAL]] Received gcode_state: RUNNING, gcode_file: /data/Metadata/plate_1.gcode, subtask_name: 2in_Hitch_Ball_Cover__V4
2026-07-29 19:36:55,873 DEBUG [backend.app.services.bambu_mqtt] [-] [[SERIAL]] ams_extruder_map: {'0': 0}
2026-07-29 19:36:55,873 DEBUG [backend.app.services.bambu_mqtt] [-] [[SERIAL]] Received command response: push_status
2026-07-29 19:36:55,874 DEBUG [backend.app.services.bambu_mqtt] [-] [[SERIAL]] HMS data received: []
2026-07-29 19:36:55,874 DEBUG [backend.app.services.bambu_mqtt] [-] [[SERIAL]] lights_report: [{'mode': 'on', 'node': 'chamber_light'}, {'mode': 'flashing', 'node': 'work_light'}]
2026-07-29 19:36:55,874 DEBUG [backend.app.services.bambu_mqtt] [-] [[SERIAL]] MQTT mapping field: [3]
2026-07-29 19:36:55,874 DEBUG [backend.app.services.bambu_mqtt] [-] [[SERIAL]] gcode_state: RUNNING -> RUNNING, file: /data/Metadata/plate_1.gcode, subtask: 2in_Hitch_Ball_Cover__V4
2026-07-29 19:36:55,915 DEBUG [backend.app.services.bambu_mqtt] [-] [[SERIAL]] ams_extruder_map: {'0': 0}
2026-07-29 19:36:55,916 DEBUG [backend.app.services.bambu_mqtt] [-] [[SERIAL]] Received command response: push_status
2026-07-29 19:36:55,916 DEBUG [backend.app.services.bambu_mqtt] [-] [[SERIAL]] wifi_signal received: -24dBm
2026-07-29 19:36:55,997 DEBUG [backend.app.services.bambu_mqtt] [-] [[SERIAL]] Received command response: push_status
2026-07-29 19:36:55,997 DEBUG [backend.app.services.bambu_mqtt] [-] [[SERIAL]] wifi_signal received: -43dBm
2026-07-29 19:36:56,086 INFO [backend.app.services.bambu_mqtt] [6186788f] [[SERIAL]] Requesting K-profiles for nozzle_diameter=0.4 (attempt 1/3)
2026-07-29 19:36:56,086 DEBUG [backend.app.services.bambu_mqtt] [6186788f] [[SERIAL]] K-profile request JSON: {"print": {"command": "extrusion_cali_get", "filament_id": "", "nozzle_diameter": "0.4", "sequence_id": "5"}}
2026-07-29 19:36:56,136 DEBUG [backend.app.services.bambu_mqtt] [-] [[SERIAL]] Received command response: extrusion_cali_get
2026-07-29 19:36:56,137 INFO [backend.app.services.bambu_mqtt] [-] [[SERIAL]] K-profile response: nozzle=0.4, seq_id=5, 9 profiles, expected=0.4
2026-07-29 19:36:56,137 INFO [backend.app.services.bambu_mqtt] [-] [[SERIAL]] Got 9 K-profiles for nozzle=0.4
2026-07-29 19:36:56,138 INFO [backend.app.services.bambu_mqtt] [6186788f] [[SERIAL]] Got 9 K-profiles for nozzle=0.4 on attempt 1
2026-07-29 19:36:56,969 DEBUG [backend.app.services.bambu_mqtt] [-] [[SERIAL]] Found xcam inside print data: {'allow_skip_parts': False, 'buildplate_marker_detector': True, 'first_layer_inspector': False, 'halt_print_sensitivity': 'medium', 'print_halt': True, 'printing_monitor': True, 'spaghetti_detector': True}
2026-07-29 19:36:56,969 DEBUG [backend.app.services.bambu_mqtt] [-] [[SERIAL]] Parsing xcam data - all fields: ['allow_skip_parts', 'buildplate_marker_detector', 'first_layer_inspector', 'halt_print_sensitivity', 'print_halt', 'printing_monitor', 'spaghetti_detector']
2026-07-29 19:36:56,970 DEBUG [backend.app.services.bambu_mqtt] [-] [[SERIAL]] Received gcode_state: RUNNING, gcode_file: /data/Metadata/plate_1.gcode, subtask_name: 2in_Hitch_Ball_Cover__V4
2026-07-29 19:36:56,970 DEBUG [backend.app.services.bambu_mqtt] [-] [[SERIAL]] ams_extruder_map: {'0': 0}
2026-07-29 19:36:56,971 DEBUG [backend.app.services.bambu_mqtt] [-] [[SERIAL]] Received command response: push_status
2026-07-29 19:36:56,971 DEBUG [backend.app.services.bambu_mqtt] [-] [[SERIAL]] HMS data received: []
2026-07-29 19:36:56,972 DEBUG [backend.app.services.bambu_mqtt] [-] [[SERIAL]] lights_report: [{'mode': 'on', 'node': 'chamber_light'}, {'mode': 'flashing', 'node': 'work_light'}]
2026-07-29 19:36:56,973 DEBUG [backend.app.services.bambu_mqtt] [-] [[SERIAL]] MQTT mapping field: [3]
2026-07-29 19:36:56,973 DEBUG [backend.app.services.bambu_mqtt] [-] [[SERIAL]] gcode_state: RUNNING -> RUNNING, file: /data/Metadata/plate_1.gcode, subtask: 2in_Hitch_Ball_Cover__V4
2026-07-29 19:36:58,000 DEBUG [backend.app.services.bambu_mqtt] [-] [[SERIAL]] Received command response: push_status
2026-07-29 19:36:58,000 DEBUG [backend.app.services.bambu_mqtt] [-] [[SERIAL]] wifi_signal received: -22dBm
2026-07-29 19:36:58,059 DEBUG [backend.app.services.bambu_mqtt] [-] [[SERIAL]] Received command response: push_status
2026-07-29 19:36:58,060 DEBUG [backend.app.services.bambu_mqtt] [-] [[SERIAL]] wifi_signal received: -40dBm
2026-07-29 19:36:58,076 DEBUG [backend.app.services.bambu_mqtt] [-] [[SERIAL]] Found xcam inside print data: {'allow_skip_parts': False, 'buildplate_marker_detector': True, 'first_layer_inspector': False, 'halt_print_sensitivity': 'medium', 'print_halt': True, 'printing_monitor': True, 'spaghetti_detector': True}
2026-07-29 19:36:58,076 DEBUG [backend.app.services.bambu_mqtt] [-] [[SERIAL]] Parsing xcam data - all fields: ['allow_skip_parts', 'buildplate_marker_detector', 'first_layer_inspector', 'halt_print_sensitivity', 'print_halt', 'printing_monitor', 'spaghetti_detector']
2026-07-29 19:36:58,076 DEBUG [backend.app.services.bambu_mqtt] [-] [[SERIAL]] Received gcode_state: RUNNING, gcode_file: /data/Metadata/plate_1.gcode, subtask_name: 2in_Hitch_Ball_Cover__V4
2026-07-29 19:36:58,077 DEBUG [backend.app.services.bambu_mqtt] [-] [[SERIAL]] ams_extruder_map: {'0': 0}
2026-07-29 19:36:58,077 DEBUG [backend.app.services.bambu_mqtt] [-] [[SERIAL]] Received command response: push_status
2026-07-29 19:36:58,078 DEBUG [backend.app.services.bambu_mqtt] [-] [[SERIAL]] HMS data received: []
2026-07-29 19:36:58,079 DEBUG [backend.app.services.bambu_mqtt] [-] [[SERIAL]] lights_report: [{'mode': 'on', 'node': 'chamber_light'}, {'mode': 'flashing', 'node': 'work_light'}]
2026-07-29 19:36:58,080 DEBUG [backend.app.services.bambu_mqtt] [-] [[SERIAL]] MQTT mapping field: [3]
2026-07-29 19:36:58,080 DEBUG [backend.app.services.bambu_mqtt] [-] [[SERIAL]] gcode_state: RUNNING -> RUNNING, file: /data/Metadata/plate_1.gcode, subtask: 2in_Hitch_Ball_Cover__V4
2026-07-29 19:36:58,996 DEBUG [backend.app.api.routes.printers] [b31557b4] API returning ams_mapping: [], ams_extruder_map: {'0': 0}
2026-07-29 19:36:58,996 DEBUG [backend.app.api.routes.printers] [b31557b4] Using tray_now directly as global ID: 255
2026-07-29 19:36:59,197 DEBUG [backend.app.services.bambu_mqtt] [-] [[SERIAL]] Found xcam inside print data: {'allow_skip_parts': False, 'buildplate_marker_detector': True, 'first_layer_inspector': False, 'halt_print_sensitivity': 'medium', 'print_halt': True, 'printing_monitor': True, 'spaghetti_detector': True}
2026-07-29 19:36:59,197 DEBUG [backend.app.services.bambu_mqtt] [-] [[SERIAL]] Parsing xcam data - all fields: ['allow_skip_parts', 'buildplate_marker_detector', 'first_layer_inspector', 'halt_print_sensitivity', 'print_halt', 'printing_monitor', 'spaghetti_detector']
2026-07-29 19:36:59,198 DEBUG [backend.app.services.bambu_mqtt] [-] [[SERIAL]] Received gcode_state: RUNNING, gcode_file: /data/Metadata/plate_1.gcode, subtask_name: 2in_Hitch_Ball_Cover__V4
2026-07-29 19:36:59,198 DEBUG [backend.app.services.bambu_mqtt] [-] [[SERIAL]] ams_extruder_map: {'0': 0}
2026-07-29 19:36:59,198 DEBUG [backend.app.services.bambu_mqtt] [-] [[SERIAL]] Received command response: push_status
2026-07-29 19:36:59,199 DEBUG [backend.app.services.bambu_mqtt] [-] [[SERIAL]] HMS data received: []
2026-07-29 19:36:59,199 DEBUG [backend.app.services.bambu_mqtt] [-] [[SERIAL]] lights_report: [{'mode': 'on', 'node': 'chamber_light'}, {'mode': 'flashing', 'node': 'work_light'}]
2026-07-29 19:36:59,199 DEBUG [backend.app.services.bambu_mqtt] [-] [[SERIAL]] MQTT mapping field: [3]
2026-07-29 19:36:59,199 DEBUG [backend.app.services.bambu_mqtt] [-] [[SERIAL]] gcode_state: RUNNING -> RUNNING, file: /data/Metadata/plate_1.gcode, subtask: 2in_Hitch_Ball_Cover__V4
2026-07-29 19:37:00,108 DEBUG [backend.app.services.bambu_mqtt] [-] [[SERIAL]] Received command response: push_status
2026-07-29 19:37:00,108 DEBUG [backend.app.services.bambu_mqtt] [-] [[SERIAL]] wifi_signal received: -41dBm
2026-07-29 19:37:00,278 DEBUG [backend.app.services.bambu_mqtt] [-] [[SERIAL]] Found xcam inside print data: {'allow_skip_parts': False, 'buildplate_marker_detector': True, 'first_layer_inspector': False, 'halt_print_sensitivity': 'medium', 'print_halt': True, 'printing_monitor': True, 'spaghetti_detector': True}
2026-07-29 19:37:00,279 DEBUG [backend.app.services.bambu_mqtt] [-] [[SERIAL]] Parsing xcam data - all fields: ['allow_skip_parts', 'buildplate_marker_detector', 'first_layer_inspector', 'halt_print_sensitivity', 'print_halt', 'printing_monitor', 'spaghetti_detector']
2026-07-29 19:37:00,279 DEBUG [backend.app.services.bambu_mqtt] [-] [[SERIAL]] Received gcode_state: RUNNING, gcode_file: /data/Metadata/plate_1.gcode, subtask_name: 2in_Hitch_Ball_Cover__V4
2026-07-29 19:37:00,280 DEBUG [backend.app.services.bambu_mqtt] [-] [[SERIAL]] ams_extruder_map: {'0': 0}
2026-07-29 19:37:00,280 DEBUG [backend.app.services.bambu_mqtt] [-] [[SERIAL]] Received command response: push_status
2026-07-29 19:37:00,281 DEBUG [backend.app.services.bambu_mqtt] [-] [[SERIAL]] HMS data received: []
2026-07-29 19:37:00,282 DEBUG [backend.app.services.bambu_mqtt] [-] [[SERIAL]] lights_report: [{'mode': 'on', 'node': 'chamber_light'}, {'mode': 'flashing', 'node': 'work_light'}]
2026-07-29 19:37:00,282 DEBUG [backend.app.services.bambu_mqtt] [-] [[SERIAL]] MQTT mapping field: [3]
2026-07-29 19:37:00,283 DEBUG [backend.app.services.bambu_mqtt] [-] [[SERIAL]] gcode_state: RUNNING -> RUNNING, file: /data/Metadata/plate_1.gcode, subtask: 2in_Hitch_Ball_Cover__V4
2026-07-29 19:37:01,384 DEBUG [backend.app.services.bambu_mqtt] [-] [[SERIAL]] Found xcam inside print data: {'allow_skip_parts': False, 'buildplate_marker_detector': True, 'first_layer_inspector': False, 'halt_print_sensitivity': 'medium', 'print_halt': True, 'printing_monitor': True, 'spaghetti_detector': True}
2026-07-29 19:37:01,385 DEBUG [backend.app.services.bambu_mqtt] [-] [[SERIAL]] Parsing xcam data - all fields: ['allow_skip_parts', 'buildplate_marker_detector', 'first_layer_inspector', 'halt_print_sensitivity', 'print_halt', 'printing_monitor', 'spaghetti_detector']
2026-07-29 19:37:01,385 DEBUG [backend.app.services.bambu_mqtt] [-] [[SERIAL]] Received gcode_state: RUNNING, gcode_file: /data/Metadata/plate_1.gcode, subtask_name: 2in_Hitch_Ball_Cover__V4
2026-07-29 19:37:01,386 DEBUG [backend.app.services.bambu_mqtt] [-] [[SERIAL]] ams_extruder_map: {'0': 0}
2026-07-29 19:37:01,386 DEBUG [backend.app.services.bambu_mqtt] [-] [[SERIAL]] Received command response: push_status
2026-07-29 19:37:01,387 DEBUG [backend.app.services.bambu_mqtt] [-] [[SERIAL]] HMS data received: []
2026-07-29 19:37:01,388 DEBUG [backend.app.services.bambu_mqtt] [-] [[SERIAL]] lights_report: [{'mode': 'on', 'node': 'chamber_light'}, {'mode': 'flashing', 'node': 'work_light'}]
2026-07-29 19:37:01,389 DEBUG [backend.app.services.bambu_mqtt] [-] [[SERIAL]] MQTT mapping field: [3]
2026-07-29 19:37:01,389 DEBUG [backend.app.services.bambu_mqtt] [-] [[SERIAL]] gcode_state: RUNNING -> RUNNING, file: /data/Metadata/plate_1.gcode, subtask: 2in_Hitch_Ball_Cover__V4
2026-07-29 19:37:02,001 DEBUG [backend.app.services.bambu_mqtt] [-] [[SERIAL]] Received command response: push_status
2026-07-29 19:37:02,002 DEBUG [backend.app.services.bambu_mqtt] [-] [[SERIAL]] wifi_signal received: -23dBm